Archive member included because of file (symbol)

.\CortexM0\ARM_GCC_484\Debug\BLE Lab 3.a(cyfitter_cfg.o)
                              .\CortexM0\ARM_GCC_484\Debug\Cm0Start.o (cyfitter_cfg)
.\CortexM0\ARM_GCC_484\Debug\BLE Lab 3.a(SW2_Switch.o)
                              .\CortexM0\ARM_GCC_484\Debug\main.o (SW2_Switch_ClearInterrupt)
.\CortexM0\ARM_GCC_484\Debug\BLE Lab 3.a(Wakeup_ISR.o)
                              .\CortexM0\ARM_GCC_484\Debug\main.o (Wakeup_ISR_Start)
.\CortexM0\ARM_GCC_484\Debug\BLE Lab 3.a(Led_Advertising_Green.o)
                              .\CortexM0\ARM_GCC_484\Debug\main.o (Led_Advertising_Green_Write)
.\CortexM0\ARM_GCC_484\Debug\BLE Lab 3.a(Led_Connected_Blue.o)
                              .\CortexM0\ARM_GCC_484\Debug\main.o (Led_Connected_Blue_Write)
.\CortexM0\ARM_GCC_484\Debug\BLE Lab 3.a(Opamp.o)
                              .\CortexM0\ARM_GCC_484\Debug\main.o (Opamp_Start)
.\CortexM0\ARM_GCC_484\Debug\BLE Lab 3.a(ADC.o)
                              .\CortexM0\ARM_GCC_484\Debug\main.o (ADC_Start)
.\CortexM0\ARM_GCC_484\Debug\BLE Lab 3.a(ADC_PM.o)
                              .\CortexM0\ARM_GCC_484\Debug\main.o (ADC_Sleep)
.\CortexM0\ARM_GCC_484\Debug\BLE Lab 3.a(ADC_INT.o)
                              .\CortexM0\ARM_GCC_484\Debug\BLE Lab 3.a(ADC.o) (ADC_ISR)
.\CortexM0\ARM_GCC_484\Debug\BLE Lab 3.a(CyBootAsmGnu.o)
                              .\CortexM0\ARM_GCC_484\Debug\BLE Lab 3.a(cyfitter_cfg.o) (CyDelayCycles)
.\CortexM0\ARM_GCC_484\Debug\BLE Lab 3.a(CyLib.o)
                              .\CortexM0\ARM_GCC_484\Debug\BLE Lab 3.a(cyfitter_cfg.o) (CyDelayUs)
.\CortexM0\ARM_GCC_484\Debug\BLE Lab 3.a(cyPm.o)
                              .\CortexM0\ARM_GCC_484\Debug\main.o (CySysPmSleep)
.\CortexM0\ARM_GCC_484\Debug\BLE Lab 3.a(BLE_hrs.o)
                              .\CortexM0\ARM_GCC_484\Debug\main.o (CyBle_HrsRegisterAttrCallback)
.\CortexM0\ARM_GCC_484\Debug\BLE Lab 3.a(BLE.o)
                              .\CortexM0\ARM_GCC_484\Debug\BLE Lab 3.a(BLE_hrs.o) (CyBle_ApplCallback)
.\CortexM0\ARM_GCC_484\Debug\BLE Lab 3.a(BLE_gatt.o)
                              .\CortexM0\ARM_GCC_484\Debug\main.o (cyBle_state)
.\CortexM0\ARM_GCC_484\Debug\BLE Lab 3.a(BLE_eventHandler.o)
                              .\CortexM0\ARM_GCC_484\Debug\main.o (cyBle_connHandle)
.\CortexM0\ARM_GCC_484\Debug\BLE Lab 3.a(BLE_dis.o)
                              .\CortexM0\ARM_GCC_484\Debug\BLE Lab 3.a(BLE.o) (CyBle_DisInit)
.\CortexM0\ARM_GCC_484\Debug\BLE Lab 3.a(PWM.o)
                              .\CortexM0\ARM_GCC_484\Debug\main.o (PWM_Start)
C:\Program Files (x86)\Cypress\PSoC Creator\3.1\PSoC Creator\psoc\content\cycomponentlibrary\CyComponentLibrary.cylib\BLE_v1_20\Library\gccCyBLEStack_BLE_SOC_PERIPHERAL.a(CyBle.o)
                              .\CortexM0\ARM_GCC_484\Debug\main.o (CyBle_ProcessEvents)
C:\Program Files (x86)\Cypress\PSoC Creator\3.1\PSoC Creator\psoc\content\cycomponentlibrary\CyComponentLibrary.cylib\BLE_v1_20\Library\gccCyBLEStack_BLE_SOC_PERIPHERAL.a(CyBleStackMgrIP_Interface.o)
                              C:\Program Files (x86)\Cypress\PSoC Creator\3.1\PSoC Creator\psoc\content\cycomponentlibrary\CyComponentLibrary.cylib\BLE_v1_20\Library\gccCyBLEStack_BLE_SOC_PERIPHERAL.a(CyBle.o) (CyBleStackMgr_BleGetConfigData)
C:\Program Files (x86)\Cypress\PSoC Creator\3.1\PSoC Creator\psoc\content\cycomponentlibrary\CyComponentLibrary.cylib\BLE_v1_20\Library\gccCyBLEStack_BLE_SOC_PERIPHERAL.a(BT_os.o)
                              C:\Program Files (x86)\Cypress\PSoC Creator\3.1\PSoC Creator\psoc\content\cycomponentlibrary\CyComponentLibrary.cylib\BLE_v1_20\Library\gccCyBLEStack_BLE_SOC_PERIPHERAL.a(CyBleStackMgrIP_Interface.o) (bt_stack_init_os)
C:\Program Files (x86)\Cypress\PSoC Creator\3.1\PSoC Creator\psoc\content\cycomponentlibrary\CyComponentLibrary.cylib\BLE_v1_20\Library\gccCyBLEStack_BLE_SOC_PERIPHERAL.a(CyBleStackMgr_StackTaskHandler.o)
                              C:\Program Files (x86)\Cypress\PSoC Creator\3.1\PSoC Creator\psoc\content\cycomponentlibrary\CyComponentLibrary.cylib\BLE_v1_20\Library\gccCyBLEStack_BLE_SOC_PERIPHERAL.a(CyBleStackMgrIP_Interface.o) (CyBle_CreateBleStackTask)
C:\Program Files (x86)\Cypress\PSoC Creator\3.1\PSoC Creator\psoc\content\cycomponentlibrary\CyComponentLibrary.cylib\BLE_v1_20\Library\gccCyBLEStack_BLE_SOC_PERIPHERAL.a(transport_sf.o)
                              C:\Program Files (x86)\Cypress\PSoC Creator\3.1\PSoC Creator\psoc\content\cycomponentlibrary\CyComponentLibrary.cylib\BLE_v1_20\Library\gccCyBLEStack_BLE_SOC_PERIPHERAL.a(CyBleStackMgr_StackTaskHandler.o) (hci_soft_transport_notify_data_received)
C:\Program Files (x86)\Cypress\PSoC Creator\3.1\PSoC Creator\psoc\content\cycomponentlibrary\CyComponentLibrary.cylib\BLE_v1_20\Library\gccCyBLEStack_BLE_SOC_PERIPHERAL.a(CyBleStackMgr_PSoCHal.o)
[...]
Memory Configuration

Name             Origin             Length             Attributes
rom              0x00000000         0x00020000         xr
ram              0x20000000         0x00004000         xrw
*default*        0x00000000         0xffffffff

Linker script and memory map

LOAD c:/program files (x86)/cypress/psoc creator/3.1/psoc creator/import/gnu_cs/arm/4.8.4/bin/../lib/gcc/arm-none-eabi/4.8.4/armv6-m/crti.o
LOAD c:/program files (x86)/cypress/psoc creator/3.1/psoc creator/import/gnu_cs/arm/4.8.4/bin/../lib/gcc/arm-none-eabi/4.8.4/armv6-m/crtbegin.o
LOAD c:/program files (x86)/cypress/psoc creator/3.1/psoc creator/import/gnu_cs/arm/4.8.4/bin/../lib/gcc/arm-none-eabi/4.8.4/../../../../arm-none-eabi/lib/armv6-m/crt0.o
START GROUP
LOAD .\CortexM0\ARM_GCC_484\Debug\main.o
LOAD .\CortexM0\ARM_GCC_484\Debug\HeartRateProcessing.o
LOAD .\CortexM0\ARM_GCC_484\Debug\BleProcessing.o
LOAD .\CortexM0\ARM_GCC_484\Debug\WatchdogTimer.o
LOAD .\CortexM0\ARM_GCC_484\Debug\cymetadata.o
LOAD .\CortexM0\ARM_GCC_484\Debug\Cm0Start.o
LOAD .\CortexM0\ARM_GCC_484\Debug\BLE Lab 3.a
LOAD C:\Program Files (x86)\Cypress\PSoC Creator\3.1\PSoC Creator\psoc\content\cycomponentlibrary\CyComponentLibrary.cylib\BLE_v1_20\Library\gccCyBLEStack_BLE_SOC_PERIPHERAL.a
LOAD C:\Program Files (x86)\Cypress\PSoC Creator\3.1\PSoC Creator\psoc\content\cycomponentlibrary\CyComponentLibrary.cylib\CortexM0\ARM_GCC_484\Debug\CyComponentLibrary.a
END GROUP
START GROUP
LOAD c:/program files (x86)/cypress/psoc creator/3.1/psoc creator/import/gnu_cs/arm/4.8.4/bin/../lib/gcc/arm-none-eabi/4.8.4/armv6-m\libgcc.a
LOAD c:/program files (x86)/cypress/psoc creator/3.1/psoc creator/import/gnu_cs/arm/4.8.4/bin/../lib/gcc/arm-none-eabi/4.8.4/../../../../arm-none-eabi/lib/armv6-m\libg_s.a
LOAD c:/program files (x86)/cypress/psoc creator/3.1/psoc creator/import/gnu_cs/arm/4.8.4/bin/../lib/gcc/arm-none-eabi/4.8.4/../../../../arm-none-eabi/lib/armv6-m\libc_s.a
END GROUP
START GROUP
LOAD c:/program files (x86)/cypress/psoc creator/3.1/psoc creator/import/gnu_cs/arm/4.8.4/bin/../lib/gcc/arm-none-eabi/4.8.4/armv6-m\libgcc.a
LOAD c:/program files (x86)/cypress/psoc creator/3.1/psoc creator/import/gnu_cs/arm/4.8.4/bin/../lib/gcc/arm-none-eabi/4.8.4/../../../../arm-none-eabi/lib/armv6-m\libc_s.a
END GROUP
LOAD c:/program files (x86)/cypress/psoc creator/3.1/psoc creator/import/gnu_cs/arm/4.8.4/bin/../lib/gcc/arm-none-eabi/4.8.4/armv6-m/crtend.o
LOAD c:/program files (x86)/cypress/psoc creator/3.1/psoc creator/import/gnu_cs/arm/4.8.4/bin/../lib/gcc/arm-none-eabi/4.8.4/armv6-m/crtn.o
START GROUP
LOAD c:/program files (x86)/cypress/psoc creator/3.1/psoc creator/import/gnu_cs/arm/4.8.4/bin/../lib/gcc/arm-none-eabi/4.8.4/armv6-m\libgcc.a
LOAD c:/program files (x86)/cypress/psoc creator/3.1/psoc creator/import/gnu_cs/arm/4.8.4/bin/../lib/gcc/arm-none-eabi/4.8.4/../../../../arm-none-eabi/lib/armv6-m\libc.a
LOAD c:/program files (x86)/cypress/psoc creator/3.1/psoc creator/import/gnu_cs/arm/4.8.4/bin/../lib/gcc/arm-none-eabi/4.8.4/../../../../arm-none-eabi/lib/armv6-m\libnosys.a
END GROUP
                0x00000000                CY_APPL_ORIGIN = 0x0
                0x00000080                CY_FLASH_ROW_SIZE = 0x80
                0x00000001                CY_APPL_NUM = 0x1
                0x00000040                CY_METADATA_SIZE = 0x40
                0x20002540                PROVIDE (__cy_heap_start, _end)
                0x00000001                PROVIDE (__cy_region_num, ((__cy_regions_end - __cy_regions) / 0x10))
                0x20004000                PROVIDE (__cy_stack, (ORIGIN (ram) + 0x4000))
                0x20003c00                PROVIDE (__cy_heap_end, (__cy_stack - 0x400))

.cybootloader   0x00000000        0x0
 *(.cybootloader)
                0x00000000                appl1_start = CY_APPL_ORIGIN?CY_APPL_ORIGIN:ALIGN (CY_FLASH_ROW_SIZE)
                0x0000ff80                appl2_start = (appl1_start + ALIGN ((((0x20000 - appl1_start) - (0x2 * CY_FLASH_ROW_SIZE)) / 0x2), CY_FLASH_ROW_SIZE))
                0x00000000                appl_start = (CY_APPL_NUM == 0x1)?appl1_start:appl2_start

.text           0x00000000     0x25a0
 CREATE_OBJECT_SYMBOLS
                0x00000000                PROVIDE (__cy_interrupt_vector, RomVectors)
 *(.romvectors)
 .romvectors    0x00000000       0x10 .\CortexM0\ARM_GCC_484\Debug\Cm0Start.o
                0x00000000                RomVectors
                0x00000001                ASSERT ((. != __cy_interrupt_vector), No interrupt vector)
                0x00000001                ASSERT (CY_APPL_ORIGIN?(SIZEOF (.cybootloader) <= CY_APPL_ORIGIN):0x1, Wrong image location)
                0x00000010                PROVIDE (__cy_reset, Reset)
 *(.text.Reset)
 .text.Reset    0x00000010        0x8 .\CortexM0\ARM_GCC_484\Debug\Cm0Start.o
                0x00000010                Reset
                0x00000001                ASSERT ((. != __cy_reset), No reset code)
 *(.psocinit)
 .psocinit      0x00000018      0x318 .\CortexM0\ARM_GCC_484\Debug\BLE Lab 3.a(cyfitter_cfg.o)
                0x000001b8                cyfitter_cfg
                0x00000330                . = MAX (., 0x100)
 *(.text .text.* .gnu.linkonce.t.*)
 .text          0x00000330       0x60 c:/program files (x86)/cypress/psoc creator/3.1/psoc creator/import/gnu_cs/arm/4.8.4/bin/../lib/gcc/arm-none-eabi/4.8.4/armv6-m/crtbegin.o
 .text.InitializeSystem
                0x00000390       0x3c .\CortexM0\ARM_GCC_484\Debug\main.o
 .text.main     0x000003cc      0x120 .\CortexM0\ARM_GCC_484\Debug\main.o
                0x000003cc                main
 .text.ProcessHeartRateSignal
                0x000004ec       0xb0 .\CortexM0\ARM_GCC_484\Debug\HeartRateProcessing.o
                0x000004ec                ProcessHeartRateSignal
 .text.SendHeartRateOverBLE
                0x0000059c       0x58 .\CortexM0\ARM_GCC_484\Debug\BleProcessing.o
                0x0000059c                SendHeartRateOverBLE
 .text.HrsEventHandler
                0x000005f4       0x38 .\CortexM0\ARM_GCC_484\Debug\BleProcessing.o
                0x000005f4                HrsEventHandler
 .text.GeneralEventHandler
                0x0000062c       0xac .\CortexM0\ARM_GCC_484\Debug\BleProcessing.o
                0x0000062c                GeneralEventHandler
 .text.WatchdogTimer_Isr
                0x000006d8       0x20 .\CortexM0\ARM_GCC_484\Debug\WatchdogTimer.o
                0x000006d8                WatchdogTimer_Isr
 .text.WatchdogTimer_Start
                0x000006f8       0x48 .\CortexM0\ARM_GCC_484\Debug\WatchdogTimer.o
                0x000006f8                WatchdogTimer_Start
 .text.WatchdogTimer_GetTimestamp
                0x00000740       0x14 .\CortexM0\ARM_GCC_484\Debug\WatchdogTimer.o
                0x00000740                WatchdogTimer_GetTimestamp
 .text.IntDefaultHandler
                0x00000754        0x8 .\CortexM0\ARM_GCC_484\Debug\Cm0Start.o
                0x00000754                IntDefaultHandler
 .text.Start_c  0x0000075c       0x98 .\CortexM0\ARM_GCC_484\Debug\Cm0Start.o
                0x0000075c                Start_c
 .text.initialize_psoc
                0x000007f4       0x70 .\CortexM0\ARM_GCC_484\Debug\Cm0Start.o
                0x000007f4                initialize_psoc
 .text.CYMEMZERO
                0x00000864       0x20 .\CortexM0\ARM_GCC_484\Debug\BLE Lab 3.a(cyfitter_cfg.o)
 .text.cfg_write_bytes32
                0x00000884       0x80 .\CortexM0\ARM_GCC_484\Debug\BLE Lab 3.a(cyfitter_cfg.o)
 .text.AnalogSetDefault
                0x00000904       0x60 .\CortexM0\ARM_GCC_484\Debug\BLE Lab 3.a(cyfitter_cfg.o)
 .text.SetAnalogRoutingPumps
                0x00000964       0x40 .\CortexM0\ARM_GCC_484\Debug\BLE Lab 3.a(cyfitter_cfg.o)
                0x00000964                SetAnalogRoutingPumps
 .text.SW2_Switch_ClearInterrupt
                0x000009a4       0x30 .\CortexM0\ARM_GCC_484\Debug\BLE Lab 3.a(SW2_Switch.o)
                0x000009a4                SW2_Switch_ClearInterrupt
 .text.Wakeup_ISR_Start
                0x000009d4       0x24 .\CortexM0\ARM_GCC_484\Debug\BLE Lab 3.a(Wakeup_ISR.o)
                0x000009d4                Wakeup_ISR_Start
 .text.Wakeup_ISR_Interrupt
                0x000009f8        0x8 .\CortexM0\ARM_GCC_484\Debug\BLE Lab 3.a(Wakeup_ISR.o)
                0x000009f8                Wakeup_ISR_Interrupt
 .text.Wakeup_ISR_SetVector
                0x00000a00       0x18 .\CortexM0\ARM_GCC_484\Debug\BLE Lab 3.a(Wakeup_ISR.o)
                0x00000a00                Wakeup_ISR_SetVector
 .text.Wakeup_ISR_SetPriority
                0x00000a18       0x50 .\CortexM0\ARM_GCC_484\Debug\BLE Lab 3.a(Wakeup_ISR.o)
                0x00000a18                Wakeup_ISR_SetPriority
 .text.Wakeup_ISR_Enable
                0x00000a68       0x14 .\CortexM0\ARM_GCC_484\Debug\BLE Lab 3.a(Wakeup_ISR.o)
                0x00000a68                Wakeup_ISR_Enable
 .text.Wakeup_ISR_Disable
                0x00000a7c       0x14 .\CortexM0\ARM_GCC_484\Debug\BLE Lab 3.a(Wakeup_ISR.o)
                0x00000a7c                Wakeup_ISR_Disable
 .text.Led_Advertising_Green_Write
                0x00000a90       0x4c .\CortexM0\ARM_GCC_484\Debug\BLE Lab 3.a(Led_Advertising_Green.o)
                0x00000a90                Led_Advertising_Green_Write
 .text.Led_Advertising_Green_SetDriveMode
                0x00000adc       0x30 .\CortexM0\ARM_GCC_484\Debug\BLE Lab 3.a(Led_Advertising_Green.o)
                0x00000adc                Led_Advertising_Green_SetDriveMode
 .text.Led_Connected_Blue_Write
                0x00000b0c       0x48 .\CortexM0\ARM_GCC_484\Debug\BLE Lab 3.a(Led_Connected_Blue.o)
                0x00000b0c                Led_Connected_Blue_Write
 .text.Led_Connected_Blue_SetDriveMode
                0x00000b54       0x30 .\CortexM0\ARM_GCC_484\Debug\BLE Lab 3.a(Led_Connected_Blue.o)
                0x00000b54                Led_Connected_Blue_SetDriveMode
 .text.Opamp_Init
                0x00000b84       0x34 .\CortexM0\ARM_GCC_484\Debug\BLE Lab 3.a(Opamp.o)
                0x00000b84                Opamp_Init
 .text.Opamp_Enable
                0x00000bb8       0x24 .\CortexM0\ARM_GCC_484\Debug\BLE Lab 3.a(Opamp.o)
                0x00000bb8                Opamp_Enable
 .text.Opamp_Start
                0x00000bdc       0x24 .\CortexM0\ARM_GCC_484\Debug\BLE Lab 3.a(Opamp.o)
                0x00000bdc                Opamp_Start
 .text.ADC_Start
                0x00000c00       0x24 .\CortexM0\ARM_GCC_484\Debug\BLE Lab 3.a(ADC.o)
                0x00000c00                ADC_Start
 .text.ADC_Init
                0x00000c24      0x1c4 .\CortexM0\ARM_GCC_484\Debug\BLE Lab 3.a(ADC.o)
                0x00000c24                ADC_Init
 .text.ADC_Enable
                0x00000de8       0x38 .\CortexM0\ARM_GCC_484\Debug\BLE Lab 3.a(ADC.o)
                0x00000de8                ADC_Enable
 .text.ADC_Stop
                0x00000e20       0x18 .\CortexM0\ARM_GCC_484\Debug\BLE Lab 3.a(ADC.o)
                0x00000e20                ADC_Stop
 .text.ADC_StartConvert
                0x00000e38       0x14 .\CortexM0\ARM_GCC_484\Debug\BLE Lab 3.a(ADC.o)
                0x00000e38                ADC_StartConvert
 .text.ADC_StopConvert
                0x00000e4c        0x8 .\CortexM0\ARM_GCC_484\Debug\BLE Lab 3.a(ADC.o)
                0x00000e4c                ADC_StopConvert
 .text.ADC_IsEndConversion
                0x00000e54       0x48 .\CortexM0\ARM_GCC_484\Debug\BLE Lab 3.a(ADC.o)
                0x00000e54                ADC_IsEndConversion
 .text.ADC_GetResult16
                0x00000e9c       0x44 .\CortexM0\ARM_GCC_484\Debug\BLE Lab 3.a(ADC.o)
                0x00000e9c                ADC_GetResult16
 .text.ADC_Sleep
                0x00000ee0       0x84 .\CortexM0\ARM_GCC_484\Debug\BLE Lab 3.a(ADC_PM.o)
                0x00000ee0                ADC_Sleep
 .text.ADC_Wakeup
                0x00000f64       0x58 .\CortexM0\ARM_GCC_484\Debug\BLE Lab 3.a(ADC_PM.o)
                0x00000f64                ADC_Wakeup
 .text.ADC_ISR  0x00000fbc       0x1c .\CortexM0\ARM_GCC_484\Debug\BLE Lab 3.a(ADC_INT.o)
                0x00000fbc                ADC_ISR
 .text          0x00000fd8       0x20 .\CortexM0\ARM_GCC_484\Debug\BLE Lab 3.a(CyBootAsmGnu.o)
                0x00000fd8                CyDelayCycles
                0x00000fea                CyEnterCriticalSection
                0x00000ff2                CyExitCriticalSection
 .text.CySysClkWcoSetHighPowerMode
                0x00000ff8       0x3c .\CortexM0\ARM_GCC_484\Debug\BLE Lab 3.a(CyLib.o)
 .text.CySysClkWcoSetLowPowerMode
                0x00001034       0x48 .\CortexM0\ARM_GCC_484\Debug\BLE Lab 3.a(CyLib.o)
 .text.CySysClkWriteSysclkDiv
                0x0000107c       0x44 .\CortexM0\ARM_GCC_484\Debug\BLE Lab 3.a(CyLib.o)
                0x0000107c                CySysClkWriteSysclkDiv
 .text.CySysClkEcoStart
                0x000010c0       0x74 .\CortexM0\ARM_GCC_484\Debug\BLE Lab 3.a(CyLib.o)
                0x000010c0                CySysClkEcoStart
 .text.CySysClkEcoReadStatus
                0x00001134       0x18 .\CortexM0\ARM_GCC_484\Debug\BLE Lab 3.a(CyLib.o)
                0x00001134                CySysClkEcoReadStatus
 .text.CySysClkWcoStart
                0x0000114c       0x20 .\CortexM0\ARM_GCC_484\Debug\BLE Lab 3.a(CyLib.o)
                0x0000114c                CySysClkWcoStart
 .text.CySysClkWcoSetPowerMode
                0x0000116c       0x40 .\CortexM0\ARM_GCC_484\Debug\BLE Lab 3.a(CyLib.o)
                0x0000116c                CySysClkWcoSetPowerMode
 .text.CySysWdtLock
                0x000011ac       0x34 .\CortexM0\ARM_GCC_484\Debug\BLE Lab 3.a(CyLib.o)
                0x000011ac                CySysWdtLock
 .text.CySysWdtLocked
                0x000011e0       0x20 .\CortexM0\ARM_GCC_484\Debug\BLE Lab 3.a(CyLib.o)
 .text.CySysWdtUnlock
                0x00001200       0x4c .\CortexM0\ARM_GCC_484\Debug\BLE Lab 3.a(CyLib.o)
                0x00001200                CySysWdtUnlock
 .text.CySysWdtReadEnabledStatus
                0x0000124c       0x30 .\CortexM0\ARM_GCC_484\Debug\BLE Lab 3.a(CyLib.o)
                0x0000124c                CySysWdtReadEnabledStatus
 .text.CySysWdtWriteMode
                0x0000127c       0x60 .\CortexM0\ARM_GCC_484\Debug\BLE Lab 3.a(CyLib.o)
                0x0000127c                CySysWdtWriteMode
 .text.CySysWdtWriteClearOnMatch
                0x000012dc       0x70 .\CortexM0\ARM_GCC_484\Debug\BLE Lab 3.a(CyLib.o)
                0x000012dc                CySysWdtWriteClearOnMatch
 .text.CySysWdtEnable
                0x0000134c       0x64 .\CortexM0\ARM_GCC_484\Debug\BLE Lab 3.a(CyLib.o)
                0x0000134c                CySysWdtEnable
 .text.CySysWdtWriteMatch
                0x000013b0       0x90 .\CortexM0\ARM_GCC_484\Debug\BLE Lab 3.a(CyLib.o)
                0x000013b0                CySysWdtWriteMatch
 .text.CySysWdtClearInterrupt
                0x00001440       0x6c .\CortexM0\ARM_GCC_484\Debug\BLE Lab 3.a(CyLib.o)
                0x00001440                CySysWdtClearInterrupt
 .text.CyIntSetVector
                0x000014ac       0x4c .\CortexM0\ARM_GCC_484\Debug\BLE Lab 3.a(CyLib.o)
                0x000014ac                CyIntSetVector
 .text.CyIntSetPriority
                0x000014f8       0xa8 .\CortexM0\ARM_GCC_484\Debug\BLE Lab 3.a(CyLib.o)
                0x000014f8                CyIntSetPriority
 .text.CyIntEnable
                0x000015a0       0x2c .\CortexM0\ARM_GCC_484\Debug\BLE Lab 3.a(CyLib.o)
                0x000015a0                CyIntEnable
 .text.CyHalt   0x000015cc       0x14 .\CortexM0\ARM_GCC_484\Debug\BLE Lab 3.a(CyLib.o)
                0x000015cc                CyHalt
 .text.CyDelay  0x000015e0       0x48 .\CortexM0\ARM_GCC_484\Debug\BLE Lab 3.a(CyLib.o)
                0x000015e0                CyDelay
 .text.CyDelayUs
                0x00001628       0x28 .\CortexM0\ARM_GCC_484\Debug\BLE Lab 3.a(CyLib.o)
                0x00001628                CyDelayUs
 .text.CySysPmSleep
                0x00001650       0x34 .\CortexM0\ARM_GCC_484\Debug\BLE Lab 3.a(cyPm.o)
                0x00001650                CySysPmSleep
 .text.CySysPmDeepSleep
                0x00001684       0x6c .\CortexM0\ARM_GCC_484\Debug\BLE Lab 3.a(cyPm.o)
                0x00001684                CySysPmDeepSleep
 .text.CySysPmHibernate
                0x000016f0       0x6c .\CortexM0\ARM_GCC_484\Debug\BLE Lab 3.a(cyPm.o)
                0x000016f0                CySysPmHibernate
 .text.CyBle_HrsInit
                0x0000175c        0x8 .\CortexM0\ARM_GCC_484\Debug\BLE Lab 3.a(BLE_hrs.o)
                0x0000175c                CyBle_HrsInit
 .text.CyBle_HrsRegisterAttrCallback
                0x00001764       0x18 .\CortexM0\ARM_GCC_484\Debug\BLE Lab 3.a(BLE_hrs.o)
                0x00001764                CyBle_HrsRegisterAttrCallback
 .text.CyBle_HrssGetCharacteristicValue
                0x0000177c       0x9c .\CortexM0\ARM_GCC_484\Debug\BLE Lab 3.a(BLE_hrs.o)
                0x0000177c                CyBle_HrssGetCharacteristicValue
 .text.CyBle_HrssSendNotification
                0x00001818       0xd8 .\CortexM0\ARM_GCC_484\Debug\BLE Lab 3.a(BLE_hrs.o)
                0x00001818                CyBle_HrssSendNotification
 .text.CyBle_HrssWriteEventHandler
                0x000018f0      0x118 .\CortexM0\ARM_GCC_484\Debug\BLE Lab 3.a(BLE_hrs.o)
                0x000018f0                CyBle_HrssWriteEventHandler
 .text.CyBle_Init
                0x00001a08       0x2c .\CortexM0\ARM_GCC_484\Debug\BLE Lab 3.a(BLE.o)
                0x00001a08                CyBle_Init
 .text.CyBle_ServiceInit
                0x00001a34       0x10 .\CortexM0\ARM_GCC_484\Debug\BLE Lab 3.a(BLE.o)
                0x00001a34                CyBle_ServiceInit
 .text.CyBle_Start
                0x00001a44       0x90 .\CortexM0\ARM_GCC_484\Debug\BLE Lab 3.a(BLE.o)
                0x00001a44                CyBle_Start
 .text.CyBle_Stop
                0x00001ad4       0x1c .\CortexM0\ARM_GCC_484\Debug\BLE Lab 3.a(BLE.o)
                0x00001ad4                CyBle_Stop
 .text.CyBle_GappStartAdvertisement
                0x00001af0       0xc4 .\CortexM0\ARM_GCC_484\Debug\BLE Lab 3.a(BLE.o)
                0x00001af0                CyBle_GappStartAdvertisement
 .text.CyBle_ChangeAdDeviceAddress
                0x00001bb4       0x60 .\CortexM0\ARM_GCC_484\Debug\BLE Lab 3.a(BLE.o)
                0x00001bb4                CyBle_ChangeAdDeviceAddress
 .text.CyBle_Get16ByPtr
                0x00001c14       0x24 .\CortexM0\ARM_GCC_484\Debug\BLE Lab 3.a(BLE.o)
                0x00001c14                CyBle_Get16ByPtr
 .text.CyBle_GattsWriteEventHandler
                0x00001c38       0xa0 .\CortexM0\ARM_GCC_484\Debug\BLE Lab 3.a(BLE_gatt.o)
                0x00001c38                CyBle_GattsWriteEventHandler
 .text.CyBle_WriteReqHandler
                0x00001cd8       0x98 .\CortexM0\ARM_GCC_484\Debug\BLE Lab 3.a(BLE_eventHandler.o)
 .text.CyBle_ValueConfirmation
                0x00001d70       0x10 .\CortexM0\ARM_GCC_484\Debug\BLE Lab 3.a(BLE_eventHandler.o)
 .text.CyBle_GattDisconnectEventHandler
                0x00001d80       0x18 .\CortexM0\ARM_GCC_484\Debug\BLE Lab 3.a(BLE_eventHandler.o)
 .text.CyBle_TimeOutEventHandler
                0x00001d98       0x10 .\CortexM0\ARM_GCC_484\Debug\BLE Lab 3.a(BLE_eventHandler.o)
 .text.CyBle_GattConnectReqHandler
                0x00001da8        0x8 .\CortexM0\ARM_GCC_484\Debug\BLE Lab 3.a(BLE_eventHandler.o)
 .text.CyBle_IsDeviceAddressValid
                0x00001db0       0x60 .\CortexM0\ARM_GCC_484\Debug\BLE Lab 3.a(BLE_eventHandler.o)
 .text.CyBle_L2Cap_ConnParamUpdateRspEventHandler
                0x00001e10       0x14 .\CortexM0\ARM_GCC_484\Debug\BLE Lab 3.a(BLE_eventHandler.o)
 .text.CyBle_GapConnUpdateCompleteEventHandler
                0x00001e24       0x10 .\CortexM0\ARM_GCC_484\Debug\BLE Lab 3.a(BLE_eventHandler.o)
 .text.CyBle_EventHandler
                0x00001e34      0x2bc .\CortexM0\ARM_GCC_484\Debug\BLE Lab 3.a(BLE_eventHandler.o)
                0x00001e34                CyBle_EventHandler
 .text.CyBle_DisInit
                0x000020f0        0x8 .\CortexM0\ARM_GCC_484\Debug\BLE Lab 3.a(BLE_dis.o)
                0x000020f0                CyBle_DisInit
 .text.PWM_Init
                0x000020f8       0x58 .\CortexM0\ARM_GCC_484\Debug\BLE Lab 3.a(PWM.o)
                0x000020f8                PWM_Init
 .text.PWM_Enable
                0x00002150       0x38 .\CortexM0\ARM_GCC_484\Debug\BLE Lab 3.a(PWM.o)
                0x00002150                PWM_Enable
 .text.PWM_Start
                0x00002188       0x24 .\CortexM0\ARM_GCC_484\Debug\BLE Lab 3.a(PWM.o)
                0x00002188                PWM_Start
 .text.PWM_WriteCounter
                0x000021ac       0x1c .\CortexM0\ARM_GCC_484\Debug\BLE Lab 3.a(PWM.o)
                0x000021ac                PWM_WriteCounter
 .text.PWM_WritePeriod
                0x000021c8       0x1c .\CortexM0\ARM_GCC_484\Debug\BLE Lab 3.a(PWM.o)
                0x000021c8                PWM_WritePeriod
 .text.PWM_WriteCompare
                0x000021e4       0x1c .\CortexM0\ARM_GCC_484\Debug\BLE Lab 3.a(PWM.o)
                0x000021e4                PWM_WriteCompare
 .text.PWM_TriggerCommand
                0x00002200       0x3c .\CortexM0\ARM_GCC_484\Debug\BLE Lab 3.a(PWM.o)
                0x00002200                PWM_TriggerCommand
 .text.PWM_SetInterruptMode
                0x0000223c       0x18 .\CortexM0\ARM_GCC_484\Debug\BLE Lab 3.a(PWM.o)
                0x0000223c                PWM_SetInterruptMode
 .text.CyBLE_Bless_LlRegWrite
                0x00002254       0x1c .\CortexM0\ARM_GCC_484\Debug\BLE Lab 3.a(BLE_HAL_PVT.o)
                0x00002254                CyBLE_Bless_LlRegWrite
 .text.CyBLE_Bless_RfRegWrite
                0x00002270       0x1c .\CortexM0\ARM_GCC_484\Debug\BLE Lab 3.a(BLE_HAL_PVT.o)
                0x00002270                CyBLE_Bless_RfRegWrite
 .text.CyBleHal_DelayUs
                0x0000228c       0x1c .\CortexM0\ARM_GCC_484\Debug\BLE Lab 3.a(BLE_HAL_PVT.o)
                0x0000228c                CyBleHal_DelayUs
 .text.CyBleHal_EnableGlobalInterrupts
                0x000022a8        0xc .\CortexM0\ARM_GCC_484\Debug\BLE Lab 3.a(BLE_HAL_PVT.o)
                0x000022a8                CyBleHal_EnableGlobalInterrupts
 .text.CyBleHal_DisableGlobalInterrupts
                0x000022b4        0xc .\CortexM0\ARM_GCC_484\Debug\BLE Lab 3.a(BLE_HAL_PVT.o)
                0x000022b4                CyBleHal_DisableGlobalInterrupts
 .text.CyBle_HalInit
                0x000022c0       0x20 .\CortexM0\ARM_GCC_484\Debug\BLE Lab 3.a(BLE_HAL_PVT.o)
                0x000022c0                CyBle_HalInit
 .text.CYBLE_BlessStart
                0x000022e0       0x14 .\CortexM0\ARM_GCC_484\Debug\BLE Lab 3.a(BLE_HAL_PVT.o)
                0x000022e0                CYBLE_BlessStart
 .text.BLE_bless_isr_StartEx
                0x000022f4       0x24 .\CortexM0\ARM_GCC_484\Debug\BLE Lab 3.a(BLE_bless_isr.o)
                0x000022f4                BLE_bless_isr_StartEx
 .text.BLE_bless_isr_SetVector
                0x00002318       0x18 .\CortexM0\ARM_GCC_484\Debug\BLE Lab 3.a(BLE_bless_isr.o)
                0x00002318                BLE_bless_isr_SetVector
 .text.BLE_bless_isr_SetPriority
                0x00002330       0x50 .\CortexM0\ARM_GCC_484\Debug\BLE Lab 3.a(BLE_bless_isr.o)
                0x00002330                BLE_bless_isr_SetPriority
 .text.BLE_bless_isr_Enable
                0x00002380       0x14 .\CortexM0\ARM_GCC_484\Debug\BLE Lab 3.a(BLE_bless_isr.o)
                0x00002380                BLE_bless_isr_Enable
 .text.BLE_bless_isr_Disable
                0x00002394       0x14 .\CortexM0\ARM_GCC_484\Debug\BLE Lab 3.a(BLE_bless_isr.o)
                0x00002394                BLE_bless_isr_Disable
 .text.CyBLE_Bless_Interrupt
                0x000023a8        0xc .\CortexM0\ARM_GCC_484\Debug\BLE Lab 3.a(BLE_HAL_INT.o)
                0x000023a8                CyBLE_Bless_Interrupt
 .text          0x000023b4       0x9c c:/program files (x86)/cypress/psoc creator/3.1/psoc creator/import/gnu_cs/arm/4.8.4/bin/../lib/gcc/arm-none-eabi/4.8.4/armv6-m\libgcc.a(_udivsi3.o)
                0x000023b4                __aeabi_uidiv
                0x000023b4                __udivsi3
                0x0000243c                __aeabi_uidivmod
 .text          0x00002450       0xc0 c:/program files (x86)/cypress/psoc creator/3.1/psoc creator/import/gnu_cs/arm/4.8.4/bin/../lib/gcc/arm-none-eabi/4.8.4/armv6-m\libgcc.a(_divsi3.o)
                0x00002450                __divsi3
                0x00002450                __aeabi_idiv
                0x000024fc                __aeabi_idivmod
 .text          0x00002510        0x4 c:/program files (x86)/cypress/psoc creator/3.1/psoc creator/import/gnu_cs/arm/4.8.4/bin/../lib/gcc/arm-none-eabi/4.8.4/armv6-m\libgcc.a(_dvmd_tls.o)
                0x00002510                __aeabi_idiv0
                0x00002510                __aeabi_ldiv0
 .text.__libc_init_array
                0x00002514       0x4c c:/program files (x86)/cypress/psoc creator/3.1/psoc creator/import/gnu_cs/arm/4.8.4/bin/../lib/gcc/arm-none-eabi/4.8.4/../../../../arm-none-eabi/lib/armv6-m\libg_s.a(lib_a-init.o)
                0x00002514                __libc_init_array
 .text.memcmp   0x00002560       0x1e c:/program files (x86)/cypress/psoc creator/3.1/psoc creator/import/gnu_cs/arm/4.8.4/bin/../lib/gcc/arm-none-eabi/4.8.4/../../../../arm-none-eabi/lib/armv6-m\libg_s.a(lib_a-memcmp.o)
                0x00002560                memcmp
 .text.memcpy   0x0000257e       0x12 c:/program files (x86)/cypress/psoc creator/3.1/psoc creator/import/gnu_cs/arm/4.8.4/bin/../lib/gcc/arm-none-eabi/4.8.4/../../../../arm-none-eabi/lib/armv6-m\libg_s.a(lib_a-memcpy-stub.o)
                0x0000257e                memcpy
 .text.memset   0x00002590       0x10 c:/program files (x86)/cypress/psoc creator/3.1/psoc creator/import/gnu_cs/arm/4.8.4/bin/../lib/gcc/arm-none-eabi/4.8.4/../../../../arm-none-eabi/lib/armv6-m\libg_s.a(lib_a-memset.o)
                0x00002590                memset
 *(.plt)
 *(.gnu.warning)
 *(.glue_7t)
 .glue_7t       0x00000000        0x0 linker stubs
 *(.glue_7)
 .glue_7        0x00000000        0x0 linker stubs
 *(.vfp11_veneer)
 .vfp11_veneer  0x00000000        0x0 linker stubs
 *(.bootloader)
 *(.ARM.extab* .gnu.linkonce.armextab.*)
 *(.gcc_except_table)

.v4_bx          0x000025a0        0x0
 .v4_bx         0x00000000        0x0 linker stubs

.iplt           0x000025a0        0x0
 .iplt          0x00000000        0x0 c:/program files (x86)/cypress/psoc creator/3.1/psoc creator/import/gnu_cs/arm/4.8.4/bin/../lib/gcc/arm-none-eabi/4.8.4/armv6-m/crtbegin.o

i.CyBle_ExitLPM
                0x000025a0        0x8
 i.CyBle_ExitLPM
                0x000025a0        0x8 C:\Program Files (x86)\Cypress\PSoC Creator\3.1\PSoC Creator\psoc\content\cycomponentlibrary\CyComponentLibrary.cylib\BLE_v1_20\Library\gccCyBLEStack_BLE_SOC_PERIPHERAL.a(CyBle.o)
                0x000025a0                CyBle_ExitLPM

i.CyBle_ProcessEvents
                0x000025a8        0x8
 i.CyBle_ProcessEvents
                0x000025a8        0x8 C:\Program Files (x86)\Cypress\PSoC Creator\3.1\PSoC Creator\psoc\content\cycomponentlibrary\CyComponentLibrary.cylib\BLE_v1_20\Library\gccCyBLEStack_BLE_SOC_PERIPHERAL.a(CyBle.o)
                0x000025a8                CyBle_ProcessEvents

i.CyBle_SetDeviceAddress
                0x000025b0       0x24
 i.CyBle_SetDeviceAddress
                0x000025b0       0x24 C:\Program Files (x86)\Cypress\PSoC Creator\3.1\PSoC Creator\psoc\content\cycomponentlibrary\CyComponentLibrary.cylib\BLE_v1_20\Library\gccCyBLEStack_BLE_SOC_PERIPHERAL.a(CyBle.o)
                0x000025b0                CyBle_SetDeviceAddress

i.CyBle_Shutdown
                0x000025d4       0x28
 i.CyBle_Shutdown
                0x000025d4       0x28 C:\Program Files (x86)\Cypress\PSoC Creator\3.1\PSoC Creator\psoc\content\cycomponentlibrary\CyComponentLibrary.cylib\BLE_v1_20\Library\gccCyBLEStack_BLE_SOC_PERIPHERAL.a(CyBle.o)
                0x000025d4                CyBle_Shutdown

i.CyBle_StackInit
                0x000025fc       0x84
 i.CyBle_StackInit
                0x000025fc       0x84 C:\Program Files (x86)\Cypress\PSoC Creator\3.1\PSoC Creator\psoc\content\cycomponentlibrary\CyComponentLibrary.cylib\BLE_v1_20\Library\gccCyBLEStack_BLE_SOC_PERIPHERAL.a(CyBle.o)
                0x000025fc                CyBle_StackInit

i.CyBleStackMgr_BleGetConfigData
                0x00002680        0x4
 i.CyBleStackMgr_BleGetConfigData
                0x00002680        0x4 C:\Program Files (x86)\Cypress\PSoC Creator\3.1\PSoC Creator\psoc\content\cycomponentlibrary\CyComponentLibrary.cylib\BLE_v1_20\Library\gccCyBLEStack_BLE_SOC_PERIPHERAL.a(CyBleStackMgrIP_Interface.o)
                0x00002680                CyBleStackMgr_BleGetConfigData

i.CyBleStackMgr_BleSetConfigData
                0x00002684        0x4
 i.CyBleStackMgr_BleSetConfigData
                0x00002684        0x4 C:\Program Files (x86)\Cypress\PSoC Creator\3.1\PSoC Creator\psoc\content\cycomponentlibrary\CyComponentLibrary.cylib\BLE_v1_20\Library\gccCyBLEStack_BLE_SOC_PERIPHERAL.a(CyBleStackMgrIP_Interface.o)
                0x00002684                CyBleStackMgr_BleSetConfigData

i.CyBleStackMgr_Init
                0x00002688      0x104
 i.CyBleStackMgr_Init
                0x00002688      0x104 C:\Program Files (x86)\Cypress\PSoC Creator\3.1\PSoC Creator\psoc\content\cycomponentlibrary\CyComponentLibrary.cylib\BLE_v1_20\Library\gccCyBLEStack_BLE_SOC_PERIPHERAL.a(CyBleStackMgrIP_Interface.o)
                0x00002688                CyBleStackMgr_Init

i.CyBleStackMgr_ProcessBleEvents
                0x0000278c       0x14
 i.CyBleStackMgr_ProcessBleEvents
                0x0000278c       0x14 C:\Program Files (x86)\Cypress\PSoC Creator\3.1\PSoC Creator\psoc\content\cycomponentlibrary\CyComponentLibrary.cylib\BLE_v1_20\Library\gccCyBLEStack_BLE_SOC_PERIPHERAL.a(CyBleStackMgrIP_Interface.o)
                0x0000278c                CyBleStackMgr_ProcessBleEvents

i.CyBleStackMgr_Reset
                0x000027a0       0x16
 i.CyBleStackMgr_Reset
                0x000027a0       0x16 C:\Program Files (x86)\Cypress\PSoC Creator\3.1\PSoC Creator\psoc\content\cycomponentlibrary\CyComponentLibrary.cylib\BLE_v1_20\Library\gccCyBLEStack_BLE_SOC_PERIPHERAL.a(CyBleStackMgrIP_Interface.o)
                0x000027a0                CyBleStackMgr_Reset

i.CyBleStackMgr_Shutdown
                0x000027b8       0x18
 i.CyBleStackMgr_Shutdown
                0x000027b8       0x18 C:\Program Files (x86)\Cypress\PSoC Creator\3.1\PSoC Creator\psoc\content\cycomponentlibrary\CyComponentLibrary.cylib\BLE_v1_20\Library\gccCyBLEStack_BLE_SOC_PERIPHERAL.a(CyBleStackMgrIP_Interface.o)
                0x000027b8                CyBleStackMgr_Shutdown

i.ble_stack_idle_task_callback
                0x000027d0        0x2
 i.ble_stack_idle_task_callback
                0x000027d0        0x2 C:\Program Files (x86)\Cypress\PSoC Creator\3.1\PSoC Creator\psoc\content\cycomponentlibrary\CyComponentLibrary.cylib\BLE_v1_20\Library\gccCyBLEStack_BLE_SOC_PERIPHERAL.a(CyBleStackMgrIP_Interface.o)
                0x000027d0                ble_stack_idle_task_callback

i.BT_OSFreeBuf  0x000027d4       0x18
 i.BT_OSFreeBuf
                0x000027d4       0x18 C:\Program Files (x86)\Cypress\PSoC Creator\3.1\PSoC Creator\psoc\content\cycomponentlibrary\CyComponentLibrary.cylib\BLE_v1_20\Library\gccCyBLEStack_BLE_SOC_PERIPHERAL.a(BT_os.o)
                0x000027d4                BT_OSFreeBuf

i.BT_OSGetBuF   0x000027ec       0x1c
 i.BT_OSGetBuF  0x000027ec       0x1c C:\Program Files (x86)\Cypress\PSoC Creator\3.1\PSoC Creator\psoc\content\cycomponentlibrary\CyComponentLibrary.cylib\BLE_v1_20\Library\gccCyBLEStack_BLE_SOC_PERIPHERAL.a(BT_os.o)
                0x000027ec                BT_OSGetBuF

i.BT_OSMemCreate
                0x00002808       0x1c
 i.BT_OSMemCreate
                0x00002808       0x1c C:\Program Files (x86)\Cypress\PSoC Creator\3.1\PSoC Creator\psoc\content\cycomponentlibrary\CyComponentLibrary.cylib\BLE_v1_20\Library\gccCyBLEStack_BLE_SOC_PERIPHERAL.a(BT_os.o)
                0x00002808                BT_OSMemCreate

i.BT_alloc_mem_ext
                0x00002824       0x34
 i.BT_alloc_mem_ext
                0x00002824       0x34 C:\Program Files (x86)\Cypress\PSoC Creator\3.1\PSoC Creator\psoc\content\cycomponentlibrary\CyComponentLibrary.cylib\BLE_v1_20\Library\gccCyBLEStack_BLE_SOC_PERIPHERAL.a(BT_os.o)
                0x00002824                BT_alloc_mem_ext

i.BT_free_mem   0x00002858        0xc
 i.BT_free_mem  0x00002858        0xc C:\Program Files (x86)\Cypress\PSoC Creator\3.1\PSoC Creator\psoc\content\cycomponentlibrary\CyComponentLibrary.cylib\BLE_v1_20\Library\gccCyBLEStack_BLE_SOC_PERIPHERAL.a(BT_os.o)
                0x00002858                BT_free_mem

i.bt_stack_init_os
                0x00002864       0x34
 i.bt_stack_init_os
                0x00002864       0x34 C:\Program Files (x86)\Cypress\PSoC Creator\3.1\PSoC Creator\psoc\content\cycomponentlibrary\CyComponentLibrary.cylib\BLE_v1_20\Library\gccCyBLEStack_BLE_SOC_PERIPHERAL.a(BT_os.o)
                0x00002864                bt_stack_init_os

i.CyBle_CheckBleStackTaskStatus
                0x00002898        0x4
 i.CyBle_CheckBleStackTaskStatus
                0x00002898        0x4 C:\Program Files (x86)\Cypress\PSoC Creator\3.1\PSoC Creator\psoc\content\cycomponentlibrary\CyComponentLibrary.cylib\BLE_v1_20\Library\gccCyBLEStack_BLE_SOC_PERIPHERAL.a(CyBleStackMgr_StackTaskHandler.o)
                0x00002898                CyBle_CheckBleStackTaskStatus

i.CyBle_CreateBleStackTask
                0x0000289c       0x2c
 i.CyBle_CreateBleStackTask
                0x0000289c       0x2c C:\Program Files (x86)\Cypress\PSoC Creator\3.1\PSoC Creator\psoc\content\cycomponentlibrary\CyComponentLibrary.cylib\BLE_v1_20\Library\gccCyBLEStack_BLE_SOC_PERIPHERAL.a(CyBleStackMgr_StackTaskHandler.o)
                0x0000289c                CyBle_CreateBleStackTask

i.CyBle_SignalBleStackTask
                0x000028c8       0x50
 i.CyBle_SignalBleStackTask
                0x000028c8       0x50 C:\Program Files (x86)\Cypress\PSoC Creator\3.1\PSoC Creator\psoc\content\cycomponentlibrary\CyComponentLibrary.cylib\BLE_v1_20\Library\gccCyBLEStack_BLE_SOC_PERIPHERAL.a(CyBleStackMgr_StackTaskHandler.o)
                0x000028c8                CyBle_SignalBleStackTask

i.CyBle_StackTaskHandler
                0x00002918       0x5c
 i.CyBle_StackTaskHandler
                0x00002918       0x5c C:\Program Files (x86)\Cypress\PSoC Creator\3.1\PSoC Creator\psoc\content\cycomponentlibrary\CyComponentLibrary.cylib\BLE_v1_20\Library\gccCyBLEStack_BLE_SOC_PERIPHERAL.a(CyBleStackMgr_StackTaskHandler.o)
                0x00002918                CyBle_StackTaskHandler

i.__ARM_common_switch8
                0x00002974       0x1a
 i.__ARM_common_switch8
                0x00002974       0x1a C:\Program Files (x86)\Cypress\PSoC Creator\3.1\PSoC Creator\psoc\content\cycomponentlibrary\CyComponentLibrary.cylib\BLE_v1_20\Library\gccCyBLEStack_BLE_SOC_PERIPHERAL.a(CyBleStackMgr_StackTaskHandler.o)
                0x00002974                __ARM_common_switch8

i.hci_soft_transport_notify_data_received
                0x00002990        0xc
 i.hci_soft_transport_notify_data_received
                0x00002990        0xc C:\Program Files (x86)\Cypress\PSoC Creator\3.1\PSoC Creator\psoc\content\cycomponentlibrary\CyComponentLibrary.cylib\BLE_v1_20\Library\gccCyBLEStack_BLE_SOC_PERIPHERAL.a(transport_sf.o)
                0x00002990                hci_soft_transport_notify_data_received

i.hci_soft_transport_rx_data
                0x0000299c       0x40
 i.hci_soft_transport_rx_data
                0x0000299c       0x40 C:\Program Files (x86)\Cypress\PSoC Creator\3.1\PSoC Creator\psoc\content\cycomponentlibrary\CyComponentLibrary.cylib\BLE_v1_20\Library\gccCyBLEStack_BLE_SOC_PERIPHERAL.a(transport_sf.o)
                0x0000299c                hci_soft_transport_rx_data

i.hci_transport_bt_init
                0x000029dc        0x2
 i.hci_transport_bt_init
                0x000029dc        0x2 C:\Program Files (x86)\Cypress\PSoC Creator\3.1\PSoC Creator\psoc\content\cycomponentlibrary\CyComponentLibrary.cylib\BLE_v1_20\Library\gccCyBLEStack_BLE_SOC_PERIPHERAL.a(transport_sf.o)
                0x000029dc                hci_transport_bt_init

i.hci_transport_bt_shutdown
                0x000029de        0x2
 i.hci_transport_bt_shutdown
                0x000029de        0x2 C:\Program Files (x86)\Cypress\PSoC Creator\3.1\PSoC Creator\psoc\content\cycomponentlibrary\CyComponentLibrary.cylib\BLE_v1_20\Library\gccCyBLEStack_BLE_SOC_PERIPHERAL.a(transport_sf.o)
                0x000029de                hci_transport_bt_shutdown

i.hci_transport_init
                0x000029e0       0x10
 i.hci_transport_init
                0x000029e0       0x10 C:\Program Files (x86)\Cypress\PSoC Creator\3.1\PSoC Creator\psoc\content\cycomponentlibrary\CyComponentLibrary.cylib\BLE_v1_20\Library\gccCyBLEStack_BLE_SOC_PERIPHERAL.a(transport_sf.o)
                0x000029e0                hci_transport_init

i.hci_transport_write_data
                0x000029f0       0xd4
 i.hci_transport_write_data
                0x000029f0       0xd4 C:\Program Files (x86)\Cypress\PSoC Creator\3.1\PSoC Creator\psoc\content\cycomponentlibrary\CyComponentLibrary.cylib\BLE_v1_20\Library\gccCyBLEStack_BLE_SOC_PERIPHERAL.a(transport_sf.o)
                0x000029f0                hci_transport_write_data

i.pf_hci_soft_transport_write
                0x00002ac4       0x44
 i.pf_hci_soft_transport_write
                0x00002ac4       0x44 C:\Program Files (x86)\Cypress\PSoC Creator\3.1\PSoC Creator\psoc\content\cycomponentlibrary\CyComponentLibrary.cylib\BLE_v1_20\Library\gccCyBLEStack_BLE_SOC_PERIPHERAL.a(transport_sf.o)
                0x00002ac4                pf_hci_soft_transport_write

i.pf_soft_hci_transport_init
                0x00002b08        0xc
 i.pf_soft_hci_transport_init
                0x00002b08        0xc C:\Program Files (x86)\Cypress\PSoC Creator\3.1\PSoC Creator\psoc\content\cycomponentlibrary\CyComponentLibrary.cylib\BLE_v1_20\Library\gccCyBLEStack_BLE_SOC_PERIPHERAL.a(transport_sf.o)
                0x00002b08                pf_soft_hci_transport_init

i.CyBleStackMgr_GetTime
                0x00002b14       0x14
 i.CyBleStackMgr_GetTime
                0x00002b14       0x14 C:\Program Files (x86)\Cypress\PSoC Creator\3.1\PSoC Creator\psoc\content\cycomponentlibrary\CyComponentLibrary.cylib\BLE_v1_20\Library\gccCyBLEStack_BLE_SOC_PERIPHERAL.a(CyBleStackMgr_PSoCHal.o)
                0x00002b14                CyBleStackMgr_GetTime

i.CyBleStackMgr_HalInit
                0x00002b28       0x24
 i.CyBleStackMgr_HalInit
                0x00002b28       0x24 C:\Program Files (x86)\Cypress\PSoC Creator\3.1\PSoC Creator\psoc\content\cycomponentlibrary\CyComponentLibrary.cylib\BLE_v1_20\Library\gccCyBLEStack_BLE_SOC_PERIPHERAL.a(CyBleStackMgr_PSoCHal.o)
                0x00002b28                CyBleStackMgr_HalInit

i.CyBleStackMgr_HalIntrEnable
                0x00002b4c        0x8
 i.CyBleStackMgr_HalIntrEnable
                0x00002b4c        0x8 C:\Program Files (x86)\Cypress\PSoC Creator\3.1\PSoC Creator\psoc\content\cycomponentlibrary\CyComponentLibrary.cylib\BLE_v1_20\Library\gccCyBLEStack_BLE_SOC_PERIPHERAL.a(CyBleStackMgr_PSoCHal.o)
                0x00002b4c                CyBleStackMgr_HalIntrEnable

i.CyBleStackMgr_HalReset
                0x00002b54        0x4
 i.CyBleStackMgr_HalReset
                0x00002b54        0x4 C:\Program Files (x86)\Cypress\PSoC Creator\3.1\PSoC Creator\psoc\content\cycomponentlibrary\CyComponentLibrary.cylib\BLE_v1_20\Library\gccCyBLEStack_BLE_SOC_PERIPHERAL.a(CyBleStackMgr_PSoCHal.o)
                0x00002b54                CyBleStackMgr_HalReset

i.CyBleStackMgr_HandleLinkLayerTick
                0x00002b58       0x5c
 i.CyBleStackMgr_HandleLinkLayerTick
                0x00002b58       0x5c C:\Program Files (x86)\Cypress\PSoC Creator\3.1\PSoC Creator\psoc\content\cycomponentlibrary\CyComponentLibrary.cylib\BLE_v1_20\Library\gccCyBLEStack_BLE_SOC_PERIPHERAL.a(CyBleStackMgr_PSoCHal.o)
                0x00002b58                CyBleStackMgr_HandleLinkLayerTick

i.CyBleStackMgr_HciPortInit
                0x00002bb4        0xc
 i.CyBleStackMgr_HciPortInit
                0x00002bb4        0xc C:\Program Files (x86)\Cypress\PSoC Creator\3.1\PSoC Creator\psoc\content\cycomponentlibrary\CyComponentLibrary.cylib\BLE_v1_20\Library\gccCyBLEStack_BLE_SOC_PERIPHERAL.a(CyBleStackMgr_PSoCHal.o)
                0x00002bb4                CyBleStackMgr_HciPortInit

i.CyBleStackMgr_HciPortReset
                0x00002bc0        0x2
 i.CyBleStackMgr_HciPortReset
                0x00002bc0        0x2 C:\Program Files (x86)\Cypress\PSoC Creator\3.1\PSoC Creator\psoc\content\cycomponentlibrary\CyComponentLibrary.cylib\BLE_v1_20\Library\gccCyBLEStack_BLE_SOC_PERIPHERAL.a(CyBleStackMgr_PSoCHal.o)
                0x00002bc0                CyBleStackMgr_HciPortReset

i.CyBleStackMgr_HciPortWrite
                0x00002bc2        0x8
 i.CyBleStackMgr_HciPortWrite
                0x00002bc2        0x8 C:\Program Files (x86)\Cypress\PSoC Creator\3.1\PSoC Creator\psoc\content\cycomponentlibrary\CyComponentLibrary.cylib\BLE_v1_20\Library\gccCyBLEStack_BLE_SOC_PERIPHERAL.a(CyBleStackMgr_PSoCHal.o)
                0x00002bc2                CyBleStackMgr_HciPortWrite

i.CyBleStackMgr_ResetLinkLayerTimerEntity
                0x00002bcc       0x14
 i.CyBleStackMgr_ResetLinkLayerTimerEntity
                0x00002bcc       0x14 C:\Program Files (x86)\Cypress\PSoC Creator\3.1\PSoC Creator\psoc\content\cycomponentlibrary\CyComponentLibrary.cylib\BLE_v1_20\Library\gccCyBLEStack_BLE_SOC_PERIPHERAL.a(CyBleStackMgr_PSoCHal.o)
                0x00002bcc                CyBleStackMgr_ResetLinkLayerTimerEntity

i.CyBleStackMgr_TimerStart
                0x00002be0       0x2c
 i.CyBleStackMgr_TimerStart
                0x00002be0       0x2c C:\Program Files (x86)\Cypress\PSoC Creator\3.1\PSoC Creator\psoc\content\cycomponentlibrary\CyComponentLibrary.cylib\BLE_v1_20\Library\gccCyBLEStack_BLE_SOC_PERIPHERAL.a(CyBleStackMgr_PSoCHal.o)
                0x00002be0                CyBleStackMgr_TimerStart

i.CyBleStackMgr_TimerStop
                0x00002c0c       0x18
 i.CyBleStackMgr_TimerStop
                0x00002c0c       0x18 C:\Program Files (x86)\Cypress\PSoC Creator\3.1\PSoC Creator\psoc\content\cycomponentlibrary\CyComponentLibrary.cylib\BLE_v1_20\Library\gccCyBLEStack_BLE_SOC_PERIPHERAL.a(CyBleStackMgr_PSoCHal.o)
                0x00002c0c                CyBleStackMgr_TimerStop

i.CyBleStackMgr_isTimerRunning
                0x00002c24       0x10
 i.CyBleStackMgr_isTimerRunning
                0x00002c24       0x10 C:\Program Files (x86)\Cypress\PSoC Creator\3.1\PSoC Creator\psoc\content\cycomponentlibrary\CyComponentLibrary.cylib\BLE_v1_20\Library\gccCyBLEStack_BLE_SOC_PERIPHERAL.a(CyBleStackMgr_PSoCHal.o)
                0x00002c24                CyBleStackMgr_isTimerRunning

i.CyBleAtlantisRadioInit
                0x00002c34      0x1ac
 i.CyBleAtlantisRadioInit
                0x00002c34      0x1ac C:\Program Files (x86)\Cypress\PSoC Creator\3.1\PSoC Creator\psoc\content\cycomponentlibrary\CyComponentLibrary.cylib\BLE_v1_20\Library\gccCyBLEStack_BLE_SOC_PERIPHERAL.a(CyBleStackMgr_BleSSDriver.o)

i.CyBleStackMgr_BleSSFifoRead
                0x00002de0       0x38
 i.CyBleStackMgr_BleSSFifoRead
                0x00002de0       0x38 C:\Program Files (x86)\Cypress\PSoC Creator\3.1\PSoC Creator\psoc\content\cycomponentlibrary\CyComponentLibrary.cylib\BLE_v1_20\Library\gccCyBLEStack_BLE_SOC_PERIPHERAL.a(CyBleStackMgr_BleSSDriver.o)
                0x00002de0                CyBleStackMgr_BleSSFifoRead

i.CyBleStackMgr_BleSSFifoWrite
                0x00002e18       0x30
 i.CyBleStackMgr_BleSSFifoWrite
                0x00002e18       0x30 C:\Program Files (x86)\Cypress\PSoC Creator\3.1\PSoC Creator\psoc\content\cycomponentlibrary\CyComponentLibrary.cylib\BLE_v1_20\Library\gccCyBLEStack_BLE_SOC_PERIPHERAL.a(CyBleStackMgr_BleSSDriver.o)
                0x00002e18                CyBleStackMgr_BleSSFifoWrite

i.CyBleStackMgr_BleSSInit
                0x00002e48       0x50
 i.CyBleStackMgr_BleSSInit
                0x00002e48       0x50 C:\Program Files (x86)\Cypress\PSoC Creator\3.1\PSoC Creator\psoc\content\cycomponentlibrary\CyComponentLibrary.cylib\BLE_v1_20\Library\gccCyBLEStack_BLE_SOC_PERIPHERAL.a(CyBleStackMgr_BleSSDriver.o)
                0x00002e48                CyBleStackMgr_BleSSInit

i.CyBleStackMgr_BleSSMemRead
                0x00002e98       0x26
 i.CyBleStackMgr_BleSSMemRead
                0x00002e98       0x26 C:\Program Files (x86)\Cypress\PSoC Creator\3.1\PSoC Creator\psoc\content\cycomponentlibrary\CyComponentLibrary.cylib\BLE_v1_20\Library\gccCyBLEStack_BLE_SOC_PERIPHERAL.a(CyBleStackMgr_BleSSDriver.o)
                0x00002e98                CyBleStackMgr_BleSSMemRead

i.CyBleStackMgr_BleSSMemWrite
                0x00002ec0       0x34
 i.CyBleStackMgr_BleSSMemWrite
                0x00002ec0       0x34 C:\Program Files (x86)\Cypress\PSoC Creator\3.1\PSoC Creator\psoc\content\cycomponentlibrary\CyComponentLibrary.cylib\BLE_v1_20\Library\gccCyBLEStack_BLE_SOC_PERIPHERAL.a(CyBleStackMgr_BleSSDriver.o)
                0x00002ec0                CyBleStackMgr_BleSSMemWrite

i.CyBleStackMgr_BleSSRegRead
                0x00002ef4        0xc
 i.CyBleStackMgr_BleSSRegRead
                0x00002ef4        0xc C:\Program Files (x86)\Cypress\PSoC Creator\3.1\PSoC Creator\psoc\content\cycomponentlibrary\CyComponentLibrary.cylib\BLE_v1_20\Library\gccCyBLEStack_BLE_SOC_PERIPHERAL.a(CyBleStackMgr_BleSSDriver.o)
                0x00002ef4                CyBleStackMgr_BleSSRegRead

i.CyBleStackMgr_BleSSRegWrite
                0x00002f00        0xc
 i.CyBleStackMgr_BleSSRegWrite
                0x00002f00        0xc C:\Program Files (x86)\Cypress\PSoC Creator\3.1\PSoC Creator\psoc\content\cycomponentlibrary\CyComponentLibrary.cylib\BLE_v1_20\Library\gccCyBLEStack_BLE_SOC_PERIPHERAL.a(CyBleStackMgr_BleSSDriver.o)
                0x00002f00                CyBleStackMgr_BleSSRegWrite

i.CyBleStackMgr_BleSSReset
                0x00002f0c       0x38
 i.CyBleStackMgr_BleSSReset
                0x00002f0c       0x38 C:\Program Files (x86)\Cypress\PSoC Creator\3.1\PSoC Creator\psoc\content\cycomponentlibrary\CyComponentLibrary.cylib\BLE_v1_20\Library\gccCyBLEStack_BLE_SOC_PERIPHERAL.a(CyBleStackMgr_BleSSDriver.o)
                0x00002f0c                CyBleStackMgr_BleSSReset

i.CyBleStackMgr_BleSSShutdown
                0x00002f44       0x24
 i.CyBleStackMgr_BleSSShutdown
                0x00002f44       0x24 C:\Program Files (x86)\Cypress\PSoC Creator\3.1\PSoC Creator\psoc\content\cycomponentlibrary\CyComponentLibrary.cylib\BLE_v1_20\Library\gccCyBLEStack_BLE_SOC_PERIPHERAL.a(CyBleStackMgr_BleSSDriver.o)
                0x00002f44                CyBleStackMgr_BleSSShutdown

i.CyBleStackMgr_GenericIface
                0x00002f68       0x3c
 i.CyBleStackMgr_GenericIface
                0x00002f68       0x3c C:\Program Files (x86)\Cypress\PSoC Creator\3.1\PSoC Creator\psoc\content\cycomponentlibrary\CyComponentLibrary.cylib\BLE_v1_20\Library\gccCyBLEStack_BLE_SOC_PERIPHERAL.a(CyBleStackMgr_BleSSDriver.o)
                0x00002f68                CyBleStackMgr_GenericIface

i.CyBleStackMgr_HandleBleSSIntr
                0x00002fa4       0x90
 i.CyBleStackMgr_HandleBleSSIntr
                0x00002fa4       0x90 C:\Program Files (x86)\Cypress\PSoC Creator\3.1\PSoC Creator\psoc\content\cycomponentlibrary\CyComponentLibrary.cylib\BLE_v1_20\Library\gccCyBLEStack_BLE_SOC_PERIPHERAL.a(CyBleStackMgr_BleSSDriver.o)
                0x00002fa4                CyBleStackMgr_HandleBleSSIntr

i.CyBleStackMgr_SetClockParam
                0x00003034       0xb4
 i.CyBleStackMgr_SetClockParam
                0x00003034       0xb4 C:\Program Files (x86)\Cypress\PSoC Creator\3.1\PSoC Creator\psoc\content\cycomponentlibrary\CyComponentLibrary.cylib\BLE_v1_20\Library\gccCyBLEStack_BLE_SOC_PERIPHERAL.a(CyBleStackMgr_BleSSDriver.o)

i.CyBle_ExitDsmMode
                0x000030e8       0x2c
 i.CyBle_ExitDsmMode
                0x000030e8       0x2c C:\Program Files (x86)\Cypress\PSoC Creator\3.1\PSoC Creator\psoc\content\cycomponentlibrary\CyComponentLibrary.cylib\BLE_v1_20\Library\gccCyBLEStack_BLE_SOC_PERIPHERAL.a(CyBleStackMgr_BleSSDriver.o)
                0x000030e8                CyBle_ExitDsmMode

i.CyBle_GetBleSsOperationalMode
                0x00003114        0xc
 i.CyBle_GetBleSsOperationalMode
                0x00003114        0xc C:\Program Files (x86)\Cypress\PSoC Creator\3.1\PSoC Creator\psoc\content\cycomponentlibrary\CyComponentLibrary.cylib\BLE_v1_20\Library\gccCyBLEStack_BLE_SOC_PERIPHERAL.a(CyBleStackMgr_BleSSDriver.o)
                0x00003114                CyBle_GetBleSsOperationalMode

i.CyBle_GetEventCloseState
                0x00003120       0x10
 i.CyBle_GetEventCloseState
                0x00003120       0x10 C:\Program Files (x86)\Cypress\PSoC Creator\3.1\PSoC Creator\psoc\content\cycomponentlibrary\CyComponentLibrary.cylib\BLE_v1_20\Library\gccCyBLEStack_BLE_SOC_PERIPHERAL.a(CyBleStackMgr_BleSSDriver.o)
                0x00003120                CyBle_GetEventCloseState

i.CyBle_GetLpMode
                0x00003130       0x26
 i.CyBle_GetLpMode
                0x00003130       0x26 C:\Program Files (x86)\Cypress\PSoC Creator\3.1\PSoC Creator\psoc\content\cycomponentlibrary\CyComponentLibrary.cylib\BLE_v1_20\Library\gccCyBLEStack_BLE_SOC_PERIPHERAL.a(CyBleStackMgr_BleSSDriver.o)
                0x00003130                CyBle_GetLpMode

i.CyBle_GetTxGainMode
                0x00003158       0x2c
 i.CyBle_GetTxGainMode
                0x00003158       0x2c C:\Program Files (x86)\Cypress\PSoC Creator\3.1\PSoC Creator\psoc\content\cycomponentlibrary\CyComponentLibrary.cylib\BLE_v1_20\Library\gccCyBLEStack_BLE_SOC_PERIPHERAL.a(CyBleStackMgr_BleSSDriver.o)
                0x00003158                CyBle_GetTxGainMode

i.CyBle_SetBleSsOperationalMode
                0x00003184       0x20
 i.CyBle_SetBleSsOperationalMode
                0x00003184       0x20 C:\Program Files (x86)\Cypress\PSoC Creator\3.1\PSoC Creator\psoc\content\cycomponentlibrary\CyComponentLibrary.cylib\BLE_v1_20\Library\gccCyBLEStack_BLE_SOC_PERIPHERAL.a(CyBleStackMgr_BleSSDriver.o)
                0x00003184                CyBle_SetBleSsOperationalMode

i.CyBle_SetEventCloseState
                0x000031a4        0xc
 i.CyBle_SetEventCloseState
                0x000031a4        0xc C:\Program Files (x86)\Cypress\PSoC Creator\3.1\PSoC Creator\psoc\content\cycomponentlibrary\CyComponentLibrary.cylib\BLE_v1_20\Library\gccCyBLEStack_BLE_SOC_PERIPHERAL.a(CyBleStackMgr_BleSSDriver.o)
                0x000031a4                CyBle_SetEventCloseState

i.CyBle_SetRxGainMode
                0x000031b0       0x20
 i.CyBle_SetRxGainMode
                0x000031b0       0x20 C:\Program Files (x86)\Cypress\PSoC Creator\3.1\PSoC Creator\psoc\content\cycomponentlibrary\CyComponentLibrary.cylib\BLE_v1_20\Library\gccCyBLEStack_BLE_SOC_PERIPHERAL.a(CyBleStackMgr_BleSSDriver.o)
                0x000031b0                CyBle_SetRxGainMode

i.CyBle_SetTxGainMode
                0x000031d0       0x38
 i.CyBle_SetTxGainMode
                0x000031d0       0x38 C:\Program Files (x86)\Cypress\PSoC Creator\3.1\PSoC Creator\psoc\content\cycomponentlibrary\CyComponentLibrary.cylib\BLE_v1_20\Library\gccCyBLEStack_BLE_SOC_PERIPHERAL.a(CyBleStackMgr_BleSSDriver.o)
                0x000031d0                CyBle_SetTxGainMode

i.pf_rf_get_abs_rssi
                0x00003208       0x24
 i.pf_rf_get_abs_rssi
                0x00003208       0x24 C:\Program Files (x86)\Cypress\PSoC Creator\3.1\PSoC Creator\psoc\content\cycomponentlibrary\CyComponentLibrary.cylib\BLE_v1_20\Library\gccCyBLEStack_BLE_SOC_PERIPHERAL.a(CyBleStackMgr_BleSSDriver.o)
                0x00003208                pf_rf_get_abs_rssi

i.OS_init       0x0000322c       0x64
 i.OS_init      0x0000322c       0x64 C:\Program Files (x86)\Cypress\PSoC Creator\3.1\PSoC Creator\psoc\content\cycomponentlibrary\CyComponentLibrary.cylib\BLE_v1_20\Library\gccCyBLEStack_BLE_SOC_PERIPHERAL.a(mint_os.o)
                0x0000322c                OS_init

i.OS_shutdown   0x00003290        0x4
 i.OS_shutdown  0x00003290        0x4 C:\Program Files (x86)\Cypress\PSoC Creator\3.1\PSoC Creator\psoc\content\cycomponentlibrary\CyComponentLibrary.cylib\BLE_v1_20\Library\gccCyBLEStack_BLE_SOC_PERIPHERAL.a(mint_os.o)
                0x00003290                OS_shutdown

i.mintos_malloc
                0x00003294       0x34
 i.mintos_malloc
                0x00003294       0x34 C:\Program Files (x86)\Cypress\PSoC Creator\3.1\PSoC Creator\psoc\content\cycomponentlibrary\CyComponentLibrary.cylib\BLE_v1_20\Library\gccCyBLEStack_BLE_SOC_PERIPHERAL.a(mint_os.o)
                0x00003294                mintos_malloc

i.OS_create_queue
                0x000032c8       0x64
 i.OS_create_queue
                0x000032c8       0x64 C:\Program Files (x86)\Cypress\PSoC Creator\3.1\PSoC Creator\psoc\content\cycomponentlibrary\CyComponentLibrary.cylib\BLE_v1_20\Library\gccCyBLEStack_BLE_SOC_PERIPHERAL.a(mint_os_queue.o)
                0x000032c8                OS_create_queue

i.OS_enqueue_item
                0x0000332c       0x8c
 i.OS_enqueue_item
                0x0000332c       0x8c C:\Program Files (x86)\Cypress\PSoC Creator\3.1\PSoC Creator\psoc\content\cycomponentlibrary\CyComponentLibrary.cylib\BLE_v1_20\Library\gccCyBLEStack_BLE_SOC_PERIPHERAL.a(mint_os_queue.o)
                0x0000332c                OS_enqueue_item

i.OS_queue_get_num_of_items
                0x000033b8       0x28
 i.OS_queue_get_num_of_items
                0x000033b8       0x28 C:\Program Files (x86)\Cypress\PSoC Creator\3.1\PSoC Creator\psoc\content\cycomponentlibrary\CyComponentLibrary.cylib\BLE_v1_20\Library\gccCyBLEStack_BLE_SOC_PERIPHERAL.a(mint_os_queue.o)
                0x000033b8                OS_queue_get_num_of_items

i.OS_queue_mgmt_init
                0x000033e0       0x40
 i.OS_queue_mgmt_init
                0x000033e0       0x40 C:\Program Files (x86)\Cypress\PSoC Creator\3.1\PSoC Creator\psoc\content\cycomponentlibrary\CyComponentLibrary.cylib\BLE_v1_20\Library\gccCyBLEStack_BLE_SOC_PERIPHERAL.a(mint_os_queue.o)
                0x000033e0                OS_queue_mgmt_init

i.OS_remove_item
                0x00003420       0xa0
 i.OS_remove_item
                0x00003420       0xa0 C:\Program Files (x86)\Cypress\PSoC Creator\3.1\PSoC Creator\psoc\content\cycomponentlibrary\CyComponentLibrary.cylib\BLE_v1_20\Library\gccCyBLEStack_BLE_SOC_PERIPHERAL.a(mint_os_queue.o)
                0x00003420                OS_remove_item

i.OS_create_task
                0x000034c0       0x88
 i.OS_create_task
                0x000034c0       0x88 C:\Program Files (x86)\Cypress\PSoC Creator\3.1\PSoC Creator\psoc\content\cycomponentlibrary\CyComponentLibrary.cylib\BLE_v1_20\Library\gccCyBLEStack_BLE_SOC_PERIPHERAL.a(mint_os_task.o)
                0x000034c0                OS_create_task

i.OS_isr_send_signal_to_task
                0x00003548        0xc
 i.OS_isr_send_signal_to_task
                0x00003548        0xc C:\Program Files (x86)\Cypress\PSoC Creator\3.1\PSoC Creator\psoc\content\cycomponentlibrary\CyComponentLibrary.cylib\BLE_v1_20\Library\gccCyBLEStack_BLE_SOC_PERIPHERAL.a(mint_os_task.o)
                0x00003548                OS_isr_send_signal_to_task

i.OS_scheduler  0x00003554       0x64
 i.OS_scheduler
                0x00003554       0x64 C:\Program Files (x86)\Cypress\PSoC Creator\3.1\PSoC Creator\psoc\content\cycomponentlibrary\CyComponentLibrary.cylib\BLE_v1_20\Library\gccCyBLEStack_BLE_SOC_PERIPHERAL.a(mint_os_task.o)
                0x00003554                OS_scheduler

i.OS_send_signal_to_task
                0x000035b8        0xc
 i.OS_send_signal_to_task
                0x000035b8        0xc C:\Program Files (x86)\Cypress\PSoC Creator\3.1\PSoC Creator\psoc\content\cycomponentlibrary\CyComponentLibrary.cylib\BLE_v1_20\Library\gccCyBLEStack_BLE_SOC_PERIPHERAL.a(mint_os_task.o)
                0x000035b8                OS_send_signal_to_task

i.OS_send_signal_to_task_context
                0x000035c4       0x3c
 i.OS_send_signal_to_task_context
                0x000035c4       0x3c C:\Program Files (x86)\Cypress\PSoC Creator\3.1\PSoC Creator\psoc\content\cycomponentlibrary\CyComponentLibrary.cylib\BLE_v1_20\Library\gccCyBLEStack_BLE_SOC_PERIPHERAL.a(mint_os_task.o)

i.OS_task_mgmt_init
                0x00003600       0x50
 i.OS_task_mgmt_init
                0x00003600       0x50 C:\Program Files (x86)\Cypress\PSoC Creator\3.1\PSoC Creator\psoc\content\cycomponentlibrary\CyComponentLibrary.cylib\BLE_v1_20\Library\gccCyBLEStack_BLE_SOC_PERIPHERAL.a(mint_os_task.o)
                0x00003600                OS_task_mgmt_init

i.mint_buf_mgmt_allocate_buffer
                0x00003650       0x4c
 i.mint_buf_mgmt_allocate_buffer
                0x00003650       0x4c C:\Program Files (x86)\Cypress\PSoC Creator\3.1\PSoC Creator\psoc\content\cycomponentlibrary\CyComponentLibrary.cylib\BLE_v1_20\Library\gccCyBLEStack_BLE_SOC_PERIPHERAL.a(mint_buf_mgmt.o)
                0x00003650                mint_buf_mgmt_allocate_buffer

i.mint_buf_mgmt_create_pool
                0x0000369c       0xd8
 i.mint_buf_mgmt_create_pool
                0x0000369c       0xd8 C:\Program Files (x86)\Cypress\PSoC Creator\3.1\PSoC Creator\psoc\content\cycomponentlibrary\CyComponentLibrary.cylib\BLE_v1_20\Library\gccCyBLEStack_BLE_SOC_PERIPHERAL.a(mint_buf_mgmt.o)
                0x0000369c                mint_buf_mgmt_create_pool

i.mint_buf_mgmt_free_buffer
                0x00003774       0xa4
 i.mint_buf_mgmt_free_buffer
                0x00003774       0xa4 C:\Program Files (x86)\Cypress\PSoC Creator\3.1\PSoC Creator\psoc\content\cycomponentlibrary\CyComponentLibrary.cylib\BLE_v1_20\Library\gccCyBLEStack_BLE_SOC_PERIPHERAL.a(mint_buf_mgmt.o)
                0x00003774                mint_buf_mgmt_free_buffer

i.mint_buf_mgmt_get_free_heap
                0x00003818       0x1c
 i.mint_buf_mgmt_get_free_heap
                0x00003818       0x1c C:\Program Files (x86)\Cypress\PSoC Creator\3.1\PSoC Creator\psoc\content\cycomponentlibrary\CyComponentLibrary.cylib\BLE_v1_20\Library\gccCyBLEStack_BLE_SOC_PERIPHERAL.a(mint_buf_mgmt.o)
                0x00003818                mint_buf_mgmt_get_free_heap

i.mint_buf_mgmt_init
                0x00003834       0x44
 i.mint_buf_mgmt_init
                0x00003834       0x44 C:\Program Files (x86)\Cypress\PSoC Creator\3.1\PSoC Creator\psoc\content\cycomponentlibrary\CyComponentLibrary.cylib\BLE_v1_20\Library\gccCyBLEStack_BLE_SOC_PERIPHERAL.a(mint_buf_mgmt.o)
                0x00003834                mint_buf_mgmt_init

i.mint_buf_mgmt_malloc
                0x00003878       0x2c
 i.mint_buf_mgmt_malloc
                0x00003878       0x2c C:\Program Files (x86)\Cypress\PSoC Creator\3.1\PSoC Creator\psoc\content\cycomponentlibrary\CyComponentLibrary.cylib\BLE_v1_20\Library\gccCyBLEStack_BLE_SOC_PERIPHERAL.a(mint_buf_mgmt.o)
                0x00003878                mint_buf_mgmt_malloc

i.mint_buf_mgmt_reset_pool
                0x000038a4       0x70
 i.mint_buf_mgmt_reset_pool
                0x000038a4       0x70 C:\Program Files (x86)\Cypress\PSoC Creator\3.1\PSoC Creator\psoc\content\cycomponentlibrary\CyComponentLibrary.cylib\BLE_v1_20\Library\gccCyBLEStack_BLE_SOC_PERIPHERAL.a(mint_buf_mgmt.o)
                0x000038a4                mint_buf_mgmt_reset_pool

i.mint_buf_mgmt_stack_init
                0x00003914       0x24
 i.mint_buf_mgmt_stack_init
                0x00003914       0x24 C:\Program Files (x86)\Cypress\PSoC Creator\3.1\PSoC Creator\psoc\content\cycomponentlibrary\CyComponentLibrary.cylib\BLE_v1_20\Library\gccCyBLEStack_BLE_SOC_PERIPHERAL.a(mint_buf_mgmt.o)
                0x00003914                mint_buf_mgmt_stack_init

i.mint_buf_mgmt_stack_pop
                0x00003938       0x36
 i.mint_buf_mgmt_stack_pop
                0x00003938       0x36 C:\Program Files (x86)\Cypress\PSoC Creator\3.1\PSoC Creator\psoc\content\cycomponentlibrary\CyComponentLibrary.cylib\BLE_v1_20\Library\gccCyBLEStack_BLE_SOC_PERIPHERAL.a(mint_buf_mgmt.o)
                0x00003938                mint_buf_mgmt_stack_pop

i.mint_buf_mgmt_stack_push
                0x0000396e       0x36
 i.mint_buf_mgmt_stack_push
                0x0000396e       0x36 C:\Program Files (x86)\Cypress\PSoC Creator\3.1\PSoC Creator\psoc\content\cycomponentlibrary\CyComponentLibrary.cylib\BLE_v1_20\Library\gccCyBLEStack_BLE_SOC_PERIPHERAL.a(mint_buf_mgmt.o)
                0x0000396e                mint_buf_mgmt_stack_push

i.mint_buf_mgmt_stack_reset
                0x000039a4       0x1e
 i.mint_buf_mgmt_stack_reset
                0x000039a4       0x1e C:\Program Files (x86)\Cypress\PSoC Creator\3.1\PSoC Creator\psoc\content\cycomponentlibrary\CyComponentLibrary.cylib\BLE_v1_20\Library\gccCyBLEStack_BLE_SOC_PERIPHERAL.a(mint_buf_mgmt.o)
                0x000039a4                mint_buf_mgmt_stack_reset

i.mint_buf_mgmt_stack_search_item
                0x000039c2       0x30
 i.mint_buf_mgmt_stack_search_item
                0x000039c2       0x30 C:\Program Files (x86)\Cypress\PSoC Creator\3.1\PSoC Creator\psoc\content\cycomponentlibrary\CyComponentLibrary.cylib\BLE_v1_20\Library\gccCyBLEStack_BLE_SOC_PERIPHERAL.a(mint_buf_mgmt.o)
                0x000039c2                mint_buf_mgmt_stack_search_item

i.mint_buf_mgmt_pl_init
                0x000039f4       0x2c
 i.mint_buf_mgmt_pl_init
                0x000039f4       0x2c C:\Program Files (x86)\Cypress\PSoC Creator\3.1\PSoC Creator\psoc\content\cycomponentlibrary\CyComponentLibrary.cylib\BLE_v1_20\Library\gccCyBLEStack_BLE_SOC_PERIPHERAL.a(mint_buf_mgmt_pl.o)
                0x000039f4                mint_buf_mgmt_pl_init

i.CyBleControllerIP_GetPingState
                0x00003a20        0xc
 i.CyBleControllerIP_GetPingState
                0x00003a20        0xc C:\Program Files (x86)\Cypress\PSoC Creator\3.1\PSoC Creator\psoc\content\cycomponentlibrary\CyComponentLibrary.cylib\BLE_v1_20\Library\gccCyBLEStack_BLE_SOC_PERIPHERAL.a(CyBleControllerIP_Interface.o)
                0x00003a20                CyBleControllerIP_GetPingState

i.CyBleController_AddDeviceToWhiteList
                0x00003a2c       0x40
 i.CyBleController_AddDeviceToWhiteList
                0x00003a2c       0x40 C:\Program Files (x86)\Cypress\PSoC Creator\3.1\PSoC Creator\psoc\content\cycomponentlibrary\CyComponentLibrary.cylib\BLE_v1_20\Library\gccCyBLEStack_BLE_SOC_PERIPHERAL.a(CyBleControllerIP_Interface.o)
                0x00003a2c                CyBleController_AddDeviceToWhiteList

i.CyBleController_ExitLowPowerMode
                0x00003a6c       0x10
 i.CyBleController_ExitLowPowerMode
                0x00003a6c       0x10 C:\Program Files (x86)\Cypress\PSoC Creator\3.1\PSoC Creator\psoc\content\cycomponentlibrary\CyComponentLibrary.cylib\BLE_v1_20\Library\gccCyBLEStack_BLE_SOC_PERIPHERAL.a(CyBleControllerIP_Interface.o)
                0x00003a6c                CyBleController_ExitLowPowerMode

i.CyBleController_Init
                0x00003a7c       0x3c
 i.CyBleController_Init
                0x00003a7c       0x3c C:\Program Files (x86)\Cypress\PSoC Creator\3.1\PSoC Creator\psoc\content\cycomponentlibrary\CyComponentLibrary.cylib\BLE_v1_20\Library\gccCyBLEStack_BLE_SOC_PERIPHERAL.a(CyBleControllerIP_Interface.o)
                0x00003a7c                CyBleController_Init

i.CyBleController_Reset
                0x00003ab8       0x10
 i.CyBleController_Reset
                0x00003ab8       0x10 C:\Program Files (x86)\Cypress\PSoC Creator\3.1\PSoC Creator\psoc\content\cycomponentlibrary\CyComponentLibrary.cylib\BLE_v1_20\Library\gccCyBLEStack_BLE_SOC_PERIPHERAL.a(CyBleControllerIP_Interface.o)
                0x00003ab8                CyBleController_Reset

i.CyBleController_SetDeviceAddress
                0x00003ac8       0x2e
 i.CyBleController_SetDeviceAddress
                0x00003ac8       0x2e C:\Program Files (x86)\Cypress\PSoC Creator\3.1\PSoC Creator\psoc\content\cycomponentlibrary\CyComponentLibrary.cylib\BLE_v1_20\Library\gccCyBLEStack_BLE_SOC_PERIPHERAL.a(CyBleControllerIP_Interface.o)
                0x00003ac8                CyBleController_SetDeviceAddress

i.CyBleController_Shutdown
                0x00003af6        0x2
 i.CyBleController_Shutdown
                0x00003af6        0x2 C:\Program Files (x86)\Cypress\PSoC Creator\3.1\PSoC Creator\psoc\content\cycomponentlibrary\CyComponentLibrary.cylib\BLE_v1_20\Library\gccCyBLEStack_BLE_SOC_PERIPHERAL.a(CyBleControllerIP_Interface.o)
                0x00003af6                CyBleController_Shutdown

i.CyBle_GetBleSsState
                0x00003af8       0x10
 i.CyBle_GetBleSsState
                0x00003af8       0x10 C:\Program Files (x86)\Cypress\PSoC Creator\3.1\PSoC Creator\psoc\content\cycomponentlibrary\CyComponentLibrary.cylib\BLE_v1_20\Library\gccCyBLEStack_BLE_SOC_PERIPHERAL.a(CyBleControllerIP_Interface.o)
                0x00003af8                CyBle_GetBleSsState

i.CyBle_GetTxPowerLevel
                0x00003b08       0x4e
 i.CyBle_GetTxPowerLevel
                0x00003b08       0x4e C:\Program Files (x86)\Cypress\PSoC Creator\3.1\PSoC Creator\psoc\content\cycomponentlibrary\CyComponentLibrary.cylib\BLE_v1_20\Library\gccCyBLEStack_BLE_SOC_PERIPHERAL.a(CyBleControllerIP_Interface.o)
                0x00003b08                CyBle_GetTxPowerLevel

i.CyBle_SetTxPowerLevel
                0x00003b56       0x56
 i.CyBle_SetTxPowerLevel
                0x00003b56       0x56 C:\Program Files (x86)\Cypress\PSoC Creator\3.1\PSoC Creator\psoc\content\cycomponentlibrary\CyComponentLibrary.cylib\BLE_v1_20\Library\gccCyBLEStack_BLE_SOC_PERIPHERAL.a(CyBleControllerIP_Interface.o)
                0x00003b56                CyBle_SetTxPowerLevel

i.ll_check_and_mark_packet_ready_for_transmission
                0x00003bac       0x28
 i.ll_check_and_mark_packet_ready_for_transmission
                0x00003bac       0x28 C:\Program Files (x86)\Cypress\PSoC Creator\3.1\PSoC Creator\psoc\content\cycomponentlibrary\CyComponentLibrary.cylib\BLE_v1_20\Library\gccCyBLEStack_BLE_SOC_PERIPHERAL.a(ll.o)
                0x00003bac                ll_check_and_mark_packet_ready_for_transmission

i.ll_cleanup_pending_data_pdu
                0x00003bd4       0x38
 i.ll_cleanup_pending_data_pdu
                0x00003bd4       0x38 C:\Program Files (x86)\Cypress\PSoC Creator\3.1\PSoC Creator\psoc\content\cycomponentlibrary\CyComponentLibrary.cylib\BLE_v1_20\Library\gccCyBLEStack_BLE_SOC_PERIPHERAL.a(ll.o)
                0x00003bd4                ll_cleanup_pending_data_pdu

i.ll_exit_low_power_mode
                0x00003c0c       0xac
 i.ll_exit_low_power_mode
                0x00003c0c       0xac C:\Program Files (x86)\Cypress\PSoC Creator\3.1\PSoC Creator\psoc\content\cycomponentlibrary\CyComponentLibrary.cylib\BLE_v1_20\Library\gccCyBLEStack_BLE_SOC_PERIPHERAL.a(ll.o)
                0x00003c0c                ll_exit_low_power_mode

i.ll_get_ack_status
                0x00003cb8       0x3c
 i.ll_get_ack_status
                0x00003cb8       0x3c C:\Program Files (x86)\Cypress\PSoC Creator\3.1\PSoC Creator\psoc\content\cycomponentlibrary\CyComponentLibrary.cylib\BLE_v1_20\Library\gccCyBLEStack_BLE_SOC_PERIPHERAL.a(ll.o)
                0x00003cb8                ll_get_ack_status

i.ll_get_adv_ch_tx_power
                0x00003cf4       0x20
 i.ll_get_adv_ch_tx_power
                0x00003cf4       0x20 C:\Program Files (x86)\Cypress\PSoC Creator\3.1\PSoC Creator\psoc\content\cycomponentlibrary\CyComponentLibrary.cylib\BLE_v1_20\Library\gccCyBLEStack_BLE_SOC_PERIPHERAL.a(ll.o)
                0x00003cf4                ll_get_adv_ch_tx_power

i.ll_get_data_channel_map
                0x00003d14       0x24
 i.ll_get_data_channel_map
                0x00003d14       0x24 C:\Program Files (x86)\Cypress\PSoC Creator\3.1\PSoC Creator\psoc\content\cycomponentlibrary\CyComponentLibrary.cylib\BLE_v1_20\Library\gccCyBLEStack_BLE_SOC_PERIPHERAL.a(ll.o)
                0x00003d14                ll_get_data_channel_map

i.ll_get_max_white_list_size
                0x00003d38        0xc
 i.ll_get_max_white_list_size
                0x00003d38        0xc C:\Program Files (x86)\Cypress\PSoC Creator\3.1\PSoC Creator\psoc\content\cycomponentlibrary\CyComponentLibrary.cylib\BLE_v1_20\Library\gccCyBLEStack_BLE_SOC_PERIPHERAL.a(ll.o)
                0x00003d38                ll_get_max_white_list_size

i.ll_get_my_role
                0x00003d44        0xc
 i.ll_get_my_role
                0x00003d44        0xc C:\Program Files (x86)\Cypress\PSoC Creator\3.1\PSoC Creator\psoc\content\cycomponentlibrary\CyComponentLibrary.cylib\BLE_v1_20\Library\gccCyBLEStack_BLE_SOC_PERIPHERAL.a(ll.o)
                0x00003d44                ll_get_my_role

i.ll_get_next_available_fifo_for_data_pdu
                0x00003d50        0x8
 i.ll_get_next_available_fifo_for_data_pdu
                0x00003d50        0x8 C:\Program Files (x86)\Cypress\PSoC Creator\3.1\PSoC Creator\psoc\content\cycomponentlibrary\CyComponentLibrary.cylib\BLE_v1_20\Library\gccCyBLEStack_BLE_SOC_PERIPHERAL.a(ll.o)
                0x00003d50                ll_get_next_available_fifo_for_data_pdu

i.ll_get_next_available_fifo_for_ll_pdu
                0x00003d58       0x24
 i.ll_get_next_available_fifo_for_ll_pdu
                0x00003d58       0x24 C:\Program Files (x86)\Cypress\PSoC Creator\3.1\PSoC Creator\psoc\content\cycomponentlibrary\CyComponentLibrary.cylib\BLE_v1_20\Library\gccCyBLEStack_BLE_SOC_PERIPHERAL.a(ll.o)
                0x00003d58                ll_get_next_available_fifo_for_ll_pdu

i.ll_get_rssi_value
                0x00003d7c       0x26
 i.ll_get_rssi_value
                0x00003d7c       0x26 C:\Program Files (x86)\Cypress\PSoC Creator\3.1\PSoC Creator\psoc\content\cycomponentlibrary\CyComponentLibrary.cylib\BLE_v1_20\Library\gccCyBLEStack_BLE_SOC_PERIPHERAL.a(ll.o)
                0x00003d7c                ll_get_rssi_value

i.ll_get_transmit_power_level
                0x00003da4       0x2c
 i.ll_get_transmit_power_level
                0x00003da4       0x2c C:\Program Files (x86)\Cypress\PSoC Creator\3.1\PSoC Creator\psoc\content\cycomponentlibrary\CyComponentLibrary.cylib\BLE_v1_20\Library\gccCyBLEStack_BLE_SOC_PERIPHERAL.a(ll.o)
                0x00003da4                ll_get_transmit_power_level

i.ll_handle_ack_received
                0x00003dd0       0x74
 i.ll_handle_ack_received
                0x00003dd0       0x74 C:\Program Files (x86)\Cypress\PSoC Creator\3.1\PSoC Creator\psoc\content\cycomponentlibrary\CyComponentLibrary.cylib\BLE_v1_20\Library\gccCyBLEStack_BLE_SOC_PERIPHERAL.a(ll.o)
                0x00003dd0                ll_handle_ack_received

i.ll_handle_add_device_in_whitelist
                0x00003e44       0x3a
 i.ll_handle_add_device_in_whitelist
                0x00003e44       0x3a C:\Program Files (x86)\Cypress\PSoC Creator\3.1\PSoC Creator\psoc\content\cycomponentlibrary\CyComponentLibrary.cylib\BLE_v1_20\Library\gccCyBLEStack_BLE_SOC_PERIPHERAL.a(ll.o)
                0x00003e44                ll_handle_add_device_in_whitelist

i.ll_handle_clear_whitelist
                0x00003e7e       0x16
 i.ll_handle_clear_whitelist
                0x00003e7e       0x16 C:\Program Files (x86)\Cypress\PSoC Creator\3.1\PSoC Creator\psoc\content\cycomponentlibrary\CyComponentLibrary.cylib\BLE_v1_20\Library\gccCyBLEStack_BLE_SOC_PERIPHERAL.a(ll.o)
                0x00003e7e                ll_handle_clear_whitelist

i.ll_handle_encrypt_host_data
                0x00003e94       0x36
 i.ll_handle_encrypt_host_data
                0x00003e94       0x36 C:\Program Files (x86)\Cypress\PSoC Creator\3.1\PSoC Creator\psoc\content\cycomponentlibrary\CyComponentLibrary.cylib\BLE_v1_20\Library\gccCyBLEStack_BLE_SOC_PERIPHERAL.a(ll.o)
                0x00003e94                ll_handle_encrypt_host_data

i.ll_handle_host_data_packet
                0x00003eca       0x54
 i.ll_handle_host_data_packet
                0x00003eca       0x54 C:\Program Files (x86)\Cypress\PSoC Creator\3.1\PSoC Creator\psoc\content\cycomponentlibrary\CyComponentLibrary.cylib\BLE_v1_20\Library\gccCyBLEStack_BLE_SOC_PERIPHERAL.a(ll.o)
                0x00003eca                ll_handle_host_data_packet

i.ll_handle_read_host_channel_map
                0x00003f1e        0x4
 i.ll_handle_read_host_channel_map
                0x00003f1e        0x4 C:\Program Files (x86)\Cypress\PSoC Creator\3.1\PSoC Creator\psoc\content\cycomponentlibrary\CyComponentLibrary.cylib\BLE_v1_20\Library\gccCyBLEStack_BLE_SOC_PERIPHERAL.a(ll.o)
                0x00003f1e                ll_handle_read_host_channel_map

i.ll_handle_remove_device_in_whitelist
                0x00003f22       0x2a
 i.ll_handle_remove_device_in_whitelist
                0x00003f22       0x2a C:\Program Files (x86)\Cypress\PSoC Creator\3.1\PSoC Creator\psoc\content\cycomponentlibrary\CyComponentLibrary.cylib\BLE_v1_20\Library\gccCyBLEStack_BLE_SOC_PERIPHERAL.a(ll.o)
                0x00003f22                ll_handle_remove_device_in_whitelist

i.ll_handle_reset
                0x00003f4c        0xe
 i.ll_handle_reset
                0x00003f4c        0xe C:\Program Files (x86)\Cypress\PSoC Creator\3.1\PSoC Creator\psoc\content\cycomponentlibrary\CyComponentLibrary.cylib\BLE_v1_20\Library\gccCyBLEStack_BLE_SOC_PERIPHERAL.a(ll.o)
                0x00003f4c                ll_handle_reset

i.ll_handle_set_random_address
                0x00003f5a       0x36
 i.ll_handle_set_random_address
                0x00003f5a       0x36 C:\Program Files (x86)\Cypress\PSoC Creator\3.1\PSoC Creator\psoc\content\cycomponentlibrary\CyComponentLibrary.cylib\BLE_v1_20\Library\gccCyBLEStack_BLE_SOC_PERIPHERAL.a(ll.o)
                0x00003f5a                ll_handle_set_random_address

i.ll_init       0x00003f90       0x18
 i.ll_init      0x00003f90       0x18 C:\Program Files (x86)\Cypress\PSoC Creator\3.1\PSoC Creator\psoc\content\cycomponentlibrary\CyComponentLibrary.cylib\BLE_v1_20\Library\gccCyBLEStack_BLE_SOC_PERIPHERAL.a(ll.o)
                0x00003f90                ll_init

i.ll_initialize_device_attributes
                0x00003fa8       0x4c
 i.ll_initialize_device_attributes
                0x00003fa8       0x4c C:\Program Files (x86)\Cypress\PSoC Creator\3.1\PSoC Creator\psoc\content\cycomponentlibrary\CyComponentLibrary.cylib\BLE_v1_20\Library\gccCyBLEStack_BLE_SOC_PERIPHERAL.a(ll.o)
                0x00003fa8                ll_initialize_device_attributes

i.ll_is_pkt_pending
                0x00003ff4       0x2a
 i.ll_is_pkt_pending
                0x00003ff4       0x2a C:\Program Files (x86)\Cypress\PSoC Creator\3.1\PSoC Creator\psoc\content\cycomponentlibrary\CyComponentLibrary.cylib\BLE_v1_20\Library\gccCyBLEStack_BLE_SOC_PERIPHERAL.a(ll.o)
                0x00003ff4                ll_is_pkt_pending

i.ll_is_sent_pkt_pending
                0x0000401e       0x1a
 i.ll_is_sent_pkt_pending
                0x0000401e       0x1a C:\Program Files (x86)\Cypress\PSoC Creator\3.1\PSoC Creator\psoc\content\cycomponentlibrary\CyComponentLibrary.cylib\BLE_v1_20\Library\gccCyBLEStack_BLE_SOC_PERIPHERAL.a(ll.o)
                0x0000401e                ll_is_sent_pkt_pending

i.ll_isr_exit_low_power_mode
                0x00004038       0x16
 i.ll_isr_exit_low_power_mode
                0x00004038       0x16 C:\Program Files (x86)\Cypress\PSoC Creator\3.1\PSoC Creator\psoc\content\cycomponentlibrary\CyComponentLibrary.cylib\BLE_v1_20\Library\gccCyBLEStack_BLE_SOC_PERIPHERAL.a(ll.o)
                0x00004038                ll_isr_exit_low_power_mode

i.ll_load_host_data_packet
                0x0000404e       0x4a
 i.ll_load_host_data_packet
                0x0000404e       0x4a C:\Program Files (x86)\Cypress\PSoC Creator\3.1\PSoC Creator\psoc\content\cycomponentlibrary\CyComponentLibrary.cylib\BLE_v1_20\Library\gccCyBLEStack_BLE_SOC_PERIPHERAL.a(ll.o)
                0x0000404e                ll_load_host_data_packet

i.ll_load_packet_to_fifo
                0x00004098       0x6e
 i.ll_load_packet_to_fifo
                0x00004098       0x6e C:\Program Files (x86)\Cypress\PSoC Creator\3.1\PSoC Creator\psoc\content\cycomponentlibrary\CyComponentLibrary.cylib\BLE_v1_20\Library\gccCyBLEStack_BLE_SOC_PERIPHERAL.a(ll.o)
                0x00004098                ll_load_packet_to_fifo

i.ll_process_acks
                0x00004106       0x3c
 i.ll_process_acks
                0x00004106       0x3c C:\Program Files (x86)\Cypress\PSoC Creator\3.1\PSoC Creator\psoc\content\cycomponentlibrary\CyComponentLibrary.cylib\BLE_v1_20\Library\gccCyBLEStack_BLE_SOC_PERIPHERAL.a(ll.o)
                0x00004106                ll_process_acks

i.ll_reset      0x00004142       0x12
 i.ll_reset     0x00004142       0x12 C:\Program Files (x86)\Cypress\PSoC Creator\3.1\PSoC Creator\psoc\content\cycomponentlibrary\CyComponentLibrary.cylib\BLE_v1_20\Library\gccCyBLEStack_BLE_SOC_PERIPHERAL.a(ll.o)
                0x00004142                ll_reset

i.ll_update_active_features
                0x00004154       0x58
 i.ll_update_active_features
                0x00004154       0x58 C:\Program Files (x86)\Cypress\PSoC Creator\3.1\PSoC Creator\psoc\content\cycomponentlibrary\CyComponentLibrary.cylib\BLE_v1_20\Library\gccCyBLEStack_BLE_SOC_PERIPHERAL.a(ll.o)
                0x00004154                ll_update_active_features

i.ll_update_device_fsm
                0x000041ac        0x8
 i.ll_update_device_fsm
                0x000041ac        0x8 C:\Program Files (x86)\Cypress\PSoC Creator\3.1\PSoC Creator\psoc\content\cycomponentlibrary\CyComponentLibrary.cylib\BLE_v1_20\Library\gccCyBLEStack_BLE_SOC_PERIPHERAL.a(ll.o)
                0x000041ac                ll_update_device_fsm

i.pf_le_start_timer
                0x000041b4       0x16
 i.pf_le_start_timer
                0x000041b4       0x16 C:\Program Files (x86)\Cypress\PSoC Creator\3.1\PSoC Creator\psoc\content\cycomponentlibrary\CyComponentLibrary.cylib\BLE_v1_20\Library\gccCyBLEStack_BLE_SOC_PERIPHERAL.a(ll.o)
                0x000041b4                pf_le_start_timer

i.pf_le_stop_timer
                0x000041ca       0x12
 i.pf_le_stop_timer
                0x000041ca       0x12 C:\Program Files (x86)\Cypress\PSoC Creator\3.1\PSoC Creator\psoc\content\cycomponentlibrary\CyComponentLibrary.cylib\BLE_v1_20\Library\gccCyBLEStack_BLE_SOC_PERIPHERAL.a(ll.o)
                0x000041ca                pf_le_stop_timer

i.CyBleControllerIP_TuneAdvEventInterPktSlots
                0x000041dc       0x44
 i.CyBleControllerIP_TuneAdvEventInterPktSlots
                0x000041dc       0x44 C:\Program Files (x86)\Cypress\PSoC Creator\3.1\PSoC Creator\psoc\content\cycomponentlibrary\CyComponentLibrary.cylib\BLE_v1_20\Library\gccCyBLEStack_BLE_SOC_PERIPHERAL.a(ll_advertiser.o)
                0x000041dc                CyBleControllerIP_TuneAdvEventInterPktSlots

i.ll_adv_is_configured_connection_adv
                0x00004220       0x1e
 i.ll_adv_is_configured_connection_adv
                0x00004220       0x1e C:\Program Files (x86)\Cypress\PSoC Creator\3.1\PSoC Creator\psoc\content\cycomponentlibrary\CyComponentLibrary.cylib\BLE_v1_20\Library\gccCyBLEStack_BLE_SOC_PERIPHERAL.a(ll_advertiser.o)
                0x00004220                ll_adv_is_configured_connection_adv

i.ll_check_random_address_in_use_by_advertiser
                0x0000423e       0x10
 i.ll_check_random_address_in_use_by_advertiser
                0x0000423e       0x10 C:\Program Files (x86)\Cypress\PSoC Creator\3.1\PSoC Creator\psoc\content\cycomponentlibrary\CyComponentLibrary.cylib\BLE_v1_20\Library\gccCyBLEStack_BLE_SOC_PERIPHERAL.a(ll_advertiser.o)
                0x0000423e                ll_check_random_address_in_use_by_advertiser

i.ll_check_whitelist_in_use_by_advertiser
                0x0000424e       0x10
 i.ll_check_whitelist_in_use_by_advertiser
                0x0000424e       0x10 C:\Program Files (x86)\Cypress\PSoC Creator\3.1\PSoC Creator\psoc\content\cycomponentlibrary\CyComponentLibrary.cylib\BLE_v1_20\Library\gccCyBLEStack_BLE_SOC_PERIPHERAL.a(ll_advertiser.o)
                0x0000424e                ll_check_whitelist_in_use_by_advertiser

i.ll_get_adv_status
                0x0000425e        0xc
 i.ll_get_adv_status
                0x0000425e        0xc C:\Program Files (x86)\Cypress\PSoC Creator\3.1\PSoC Creator\psoc\content\cycomponentlibrary\CyComponentLibrary.cylib\BLE_v1_20\Library\gccCyBLEStack_BLE_SOC_PERIPHERAL.a(ll_advertiser.o)
                0x0000425e                ll_get_adv_status

i.ll_get_adv_type
                0x0000426a       0x16
 i.ll_get_adv_type
                0x0000426a       0x16 C:\Program Files (x86)\Cypress\PSoC Creator\3.1\PSoC Creator\psoc\content\cycomponentlibrary\CyComponentLibrary.cylib\BLE_v1_20\Library\gccCyBLEStack_BLE_SOC_PERIPHERAL.a(ll_advertiser.o)
                0x0000426a                ll_get_adv_type

i.ll_handle_adv_intr
                0x00004280       0x50
 i.ll_handle_adv_intr
                0x00004280       0x50 C:\Program Files (x86)\Cypress\PSoC Creator\3.1\PSoC Creator\psoc\content\cycomponentlibrary\CyComponentLibrary.cylib\BLE_v1_20\Library\gccCyBLEStack_BLE_SOC_PERIPHERAL.a(ll_advertiser.o)
                0x00004280                ll_handle_adv_intr

i.ll_handle_set_adv_data
                0x000042d0       0x14
 i.ll_handle_set_adv_data
                0x000042d0       0x14 C:\Program Files (x86)\Cypress\PSoC Creator\3.1\PSoC Creator\psoc\content\cycomponentlibrary\CyComponentLibrary.cylib\BLE_v1_20\Library\gccCyBLEStack_BLE_SOC_PERIPHERAL.a(ll_advertiser.o)
                0x000042d0                ll_handle_set_adv_data

i.ll_handle_set_adv_parameters
                0x000042e4       0x84
 i.ll_handle_set_adv_parameters
                0x000042e4       0x84 C:\Program Files (x86)\Cypress\PSoC Creator\3.1\PSoC Creator\psoc\content\cycomponentlibrary\CyComponentLibrary.cylib\BLE_v1_20\Library\gccCyBLEStack_BLE_SOC_PERIPHERAL.a(ll_advertiser.o)
                0x000042e4                ll_handle_set_adv_parameters

i.ll_handle_set_advertise_enable
                0x00004368       0x70
 i.ll_handle_set_advertise_enable
                0x00004368       0x70 C:\Program Files (x86)\Cypress\PSoC Creator\3.1\PSoC Creator\psoc\content\cycomponentlibrary\CyComponentLibrary.cylib\BLE_v1_20\Library\gccCyBLEStack_BLE_SOC_PERIPHERAL.a(ll_advertiser.o)
                0x00004368                ll_handle_set_advertise_enable

i.ll_handle_set_scan_resp_data
                0x000043d8       0x14
 i.ll_handle_set_scan_resp_data
                0x000043d8       0x14 C:\Program Files (x86)\Cypress\PSoC Creator\3.1\PSoC Creator\psoc\content\cycomponentlibrary\CyComponentLibrary.cylib\BLE_v1_20\Library\gccCyBLEStack_BLE_SOC_PERIPHERAL.a(ll_advertiser.o)
                0x000043d8                ll_handle_set_scan_resp_data

i.ll_init_advertiser
                0x000043ec       0x68
 i.ll_init_advertiser
                0x000043ec       0x68 C:\Program Files (x86)\Cypress\PSoC Creator\3.1\PSoC Creator\psoc\content\cycomponentlibrary\CyComponentLibrary.cylib\BLE_v1_20\Library\gccCyBLEStack_BLE_SOC_PERIPHERAL.a(ll_advertiser.o)
                0x000043ec                ll_init_advertiser

i.is_le_connection_handle
                0x00004454       0x28
 i.is_le_connection_handle
                0x00004454       0x28 C:\Program Files (x86)\Cypress\PSoC Creator\3.1\PSoC Creator\psoc\content\cycomponentlibrary\CyComponentLibrary.cylib\BLE_v1_20\Library\gccCyBLEStack_BLE_SOC_PERIPHERAL.a(ll_connection.o)
                0x00004454                is_le_connection_handle

i.le_assign_connection_handle
                0x0000447c       0x28
 i.le_assign_connection_handle
                0x0000447c       0x28 C:\Program Files (x86)\Cypress\PSoC Creator\3.1\PSoC Creator\psoc\content\cycomponentlibrary\CyComponentLibrary.cylib\BLE_v1_20\Library\gccCyBLEStack_BLE_SOC_PERIPHERAL.a(ll_connection.o)
                0x0000447c                le_assign_connection_handle

i.le_get_connection_index
                0x000044a4        0x6
 i.le_get_connection_index
                0x000044a4        0x6 C:\Program Files (x86)\Cypress\PSoC Creator\3.1\PSoC Creator\psoc\content\cycomponentlibrary\CyComponentLibrary.cylib\BLE_v1_20\Library\gccCyBLEStack_BLE_SOC_PERIPHERAL.a(ll_connection.o)
                0x000044a4                le_get_connection_index

i.ll_allocate_connection
                0x000044ac       0x44
 i.ll_allocate_connection
                0x000044ac       0x44 C:\Program Files (x86)\Cypress\PSoC Creator\3.1\PSoC Creator\psoc\content\cycomponentlibrary\CyComponentLibrary.cylib\BLE_v1_20\Library\gccCyBLEStack_BLE_SOC_PERIPHERAL.a(ll_connection.o)
                0x000044ac                ll_allocate_connection

i.ll_calculate_and_program_def_win_widen_drift
                0x000044f0       0x14
 i.ll_calculate_and_program_def_win_widen_drift
                0x000044f0       0x14 C:\Program Files (x86)\Cypress\PSoC Creator\3.1\PSoC Creator\psoc\content\cycomponentlibrary\CyComponentLibrary.cylib\BLE_v1_20\Library\gccCyBLEStack_BLE_SOC_PERIPHERAL.a(ll_connection.o)
                0x000044f0                ll_calculate_and_program_def_win_widen_drift

i.ll_calculate_drift
                0x00004504       0x2c
 i.ll_calculate_drift
                0x00004504       0x2c C:\Program Files (x86)\Cypress\PSoC Creator\3.1\PSoC Creator\psoc\content\cycomponentlibrary\CyComponentLibrary.cylib\BLE_v1_20\Library\gccCyBLEStack_BLE_SOC_PERIPHERAL.a(ll_connection.o)
                0x00004504                ll_calculate_drift

i.ll_check_and_decrypt_ll_pdu
                0x00004530       0x68
 i.ll_check_and_decrypt_ll_pdu
                0x00004530       0x68 C:\Program Files (x86)\Cypress\PSoC Creator\3.1\PSoC Creator\psoc\content\cycomponentlibrary\CyComponentLibrary.cylib\BLE_v1_20\Library\gccCyBLEStack_BLE_SOC_PERIPHERAL.a(ll_connection.o)
                0x00004530                ll_check_and_decrypt_ll_pdu

i.ll_check_and_decrypt_packet
                0x00004598       0x6a
 i.ll_check_and_decrypt_packet
                0x00004598       0x6a C:\Program Files (x86)\Cypress\PSoC Creator\3.1\PSoC Creator\psoc\content\cycomponentlibrary\CyComponentLibrary.cylib\BLE_v1_20\Library\gccCyBLEStack_BLE_SOC_PERIPHERAL.a(ll_connection.o)
                0x00004598                ll_check_and_decrypt_packet

i.ll_check_and_encrypt_ll_pdu
                0x00004602       0x72
 i.ll_check_and_encrypt_ll_pdu
                0x00004602       0x72 C:\Program Files (x86)\Cypress\PSoC Creator\3.1\PSoC Creator\psoc\content\cycomponentlibrary\CyComponentLibrary.cylib\BLE_v1_20\Library\gccCyBLEStack_BLE_SOC_PERIPHERAL.a(ll_connection.o)
                0x00004602                ll_check_and_encrypt_ll_pdu

i.ll_check_and_encrypt_packet
                0x00004674       0x8a
 i.ll_check_and_encrypt_packet
                0x00004674       0x8a C:\Program Files (x86)\Cypress\PSoC Creator\3.1\PSoC Creator\psoc\content\cycomponentlibrary\CyComponentLibrary.cylib\BLE_v1_20\Library\gccCyBLEStack_BLE_SOC_PERIPHERAL.a(ll_connection.o)
                0x00004674                ll_check_and_encrypt_packet

i.ll_check_for_allowing_incoming_connection_update
                0x000046fe       0x42
 i.ll_check_for_allowing_incoming_connection_update
                0x000046fe       0x42 C:\Program Files (x86)\Cypress\PSoC Creator\3.1\PSoC Creator\psoc\content\cycomponentlibrary\CyComponentLibrary.cylib\BLE_v1_20\Library\gccCyBLEStack_BLE_SOC_PERIPHERAL.a(ll_connection.o)
                0x000046fe                ll_check_for_allowing_incoming_connection_update

i.ll_check_if_pdu_is_loaded_to_hardware
                0x00004740       0x1c
 i.ll_check_if_pdu_is_loaded_to_hardware
                0x00004740       0x1c C:\Program Files (x86)\Cypress\PSoC Creator\3.1\PSoC Creator\psoc\content\cycomponentlibrary\CyComponentLibrary.cylib\BLE_v1_20\Library\gccCyBLEStack_BLE_SOC_PERIPHERAL.a(ll_connection.o)
                0x00004740                ll_check_if_pdu_is_loaded_to_hardware

i.ll_check_random_address_in_use_by_initiator
                0x0000475c       0x30
 i.ll_check_random_address_in_use_by_initiator
                0x0000475c       0x30 C:\Program Files (x86)\Cypress\PSoC Creator\3.1\PSoC Creator\psoc\content\cycomponentlibrary\CyComponentLibrary.cylib\BLE_v1_20\Library\gccCyBLEStack_BLE_SOC_PERIPHERAL.a(ll_connection.o)
                0x0000475c                ll_check_random_address_in_use_by_initiator

i.ll_check_white_list_in_use_by_initiator
                0x0000478c       0x30
 i.ll_check_white_list_in_use_by_initiator
                0x0000478c       0x30 C:\Program Files (x86)\Cypress\PSoC Creator\3.1\PSoC Creator\psoc\content\cycomponentlibrary\CyComponentLibrary.cylib\BLE_v1_20\Library\gccCyBLEStack_BLE_SOC_PERIPHERAL.a(ll_connection.o)
                0x0000478c                ll_check_white_list_in_use_by_initiator

i.ll_conn_free_enc_txn_buffer
                0x000047bc       0x16
 i.ll_conn_free_enc_txn_buffer
                0x000047bc       0x16 C:\Program Files (x86)\Cypress\PSoC Creator\3.1\PSoC Creator\psoc\content\cycomponentlibrary\CyComponentLibrary.cylib\BLE_v1_20\Library\gccCyBLEStack_BLE_SOC_PERIPHERAL.a(ll_connection.o)
                0x000047bc                ll_conn_free_enc_txn_buffer

i.ll_conn_fsm_update_channel_state
                0x000047d2        0x6
 i.ll_conn_fsm_update_channel_state
                0x000047d2        0x6 C:\Program Files (x86)\Cypress\PSoC Creator\3.1\PSoC Creator\psoc\content\cycomponentlibrary\CyComponentLibrary.cylib\BLE_v1_20\Library\gccCyBLEStack_BLE_SOC_PERIPHERAL.a(ll_connection.o)
                0x000047d2                ll_conn_fsm_update_channel_state

i.ll_conn_fsm_update_conn_update_state
                0x000047d8        0x6
 i.ll_conn_fsm_update_conn_update_state
                0x000047d8        0x6 C:\Program Files (x86)\Cypress\PSoC Creator\3.1\PSoC Creator\psoc\content\cycomponentlibrary\CyComponentLibrary.cylib\BLE_v1_20\Library\gccCyBLEStack_BLE_SOC_PERIPHERAL.a(ll_connection.o)
                0x000047d8                ll_conn_fsm_update_conn_update_state

i.ll_conn_fsm_update_enc_state
                0x000047de        0x6
 i.ll_conn_fsm_update_enc_state
                0x000047de        0x6 C:\Program Files (x86)\Cypress\PSoC Creator\3.1\PSoC Creator\psoc\content\cycomponentlibrary\CyComponentLibrary.cylib\BLE_v1_20\Library\gccCyBLEStack_BLE_SOC_PERIPHERAL.a(ll_connection.o)
                0x000047de                ll_conn_fsm_update_enc_state

i.ll_conn_fsm_update_state
                0x000047e4        0x4
 i.ll_conn_fsm_update_state
                0x000047e4        0x4 C:\Program Files (x86)\Cypress\PSoC Creator\3.1\PSoC Creator\psoc\content\cycomponentlibrary\CyComponentLibrary.cylib\BLE_v1_20\Library\gccCyBLEStack_BLE_SOC_PERIPHERAL.a(ll_connection.o)
                0x000047e4                ll_conn_fsm_update_state

i.ll_conn_handle_data_pdu_from_host_when_data_paused
                0x000047e8        0x8
 i.ll_conn_handle_data_pdu_from_host_when_data_paused
                0x000047e8        0x8 C:\Program Files (x86)\Cypress\PSoC Creator\3.1\PSoC Creator\psoc\content\cycomponentlibrary\CyComponentLibrary.cylib\BLE_v1_20\Library\gccCyBLEStack_BLE_SOC_PERIPHERAL.a(ll_connection.o)
                0x000047e8                ll_conn_handle_data_pdu_from_host_when_data_paused

i.ll_conn_handle_direct_adv_timeout
                0x000047f0       0x2a
 i.ll_conn_handle_direct_adv_timeout
                0x000047f0       0x2a C:\Program Files (x86)\Cypress\PSoC Creator\3.1\PSoC Creator\psoc\content\cycomponentlibrary\CyComponentLibrary.cylib\BLE_v1_20\Library\gccCyBLEStack_BLE_SOC_PERIPHERAL.a(ll_connection.o)
                0x000047f0                ll_conn_handle_direct_adv_timeout

i.ll_conn_handle_ping_timer_expired_interrupt
                0x0000481c       0x1c
 i.ll_conn_handle_ping_timer_expired_interrupt
                0x0000481c       0x1c C:\Program Files (x86)\Cypress\PSoC Creator\3.1\PSoC Creator\psoc\content\cycomponentlibrary\CyComponentLibrary.cylib\BLE_v1_20\Library\gccCyBLEStack_BLE_SOC_PERIPHERAL.a(ll_connection.o)
                0x0000481c                ll_conn_handle_ping_timer_expired_interrupt

i.ll_conn_handle_ping_timer_nearly_expired_interrupt
                0x00004838       0x20
 i.ll_conn_handle_ping_timer_nearly_expired_interrupt
                0x00004838       0x20 C:\Program Files (x86)\Cypress\PSoC Creator\3.1\PSoC Creator\psoc\content\cycomponentlibrary\CyComponentLibrary.cylib\BLE_v1_20\Library\gccCyBLEStack_BLE_SOC_PERIPHERAL.a(ll_connection.o)
                0x00004838                ll_conn_handle_ping_timer_nearly_expired_interrupt

i.ll_conn_handle_stop_connectable_adv
                0x00004858       0x12
 i.ll_conn_handle_stop_connectable_adv
                0x00004858       0x12 C:\Program Files (x86)\Cypress\PSoC Creator\3.1\PSoC Creator\psoc\content\cycomponentlibrary\CyComponentLibrary.cylib\BLE_v1_20\Library\gccCyBLEStack_BLE_SOC_PERIPHERAL.a(ll_connection.o)
                0x00004858                ll_conn_handle_stop_connectable_adv

i.ll_conn_process_pending_transactions
                0x0000486a        0x4
 i.ll_conn_process_pending_transactions
                0x0000486a        0x4 C:\Program Files (x86)\Cypress\PSoC Creator\3.1\PSoC Creator\psoc\content\cycomponentlibrary\CyComponentLibrary.cylib\BLE_v1_20\Library\gccCyBLEStack_BLE_SOC_PERIPHERAL.a(ll_connection.o)
                0x0000486a                ll_conn_process_pending_transactions

i.ll_conn_program_authenticated_payload_timer
                0x00004870       0x50
 i.ll_conn_program_authenticated_payload_timer
                0x00004870       0x50 C:\Program Files (x86)\Cypress\PSoC Creator\3.1\PSoC Creator\psoc\content\cycomponentlibrary\CyComponentLibrary.cylib\BLE_v1_20\Library\gccCyBLEStack_BLE_SOC_PERIPHERAL.a(ll_connection.o)
                0x00004870                ll_conn_program_authenticated_payload_timer

i.ll_conn_read_data_pdu_from_hardware
                0x000048c0       0x14
 i.ll_conn_read_data_pdu_from_hardware